 DBLog

 Timestamp is 56ebc43b (Fri Mar 18 10:02:51 2016)

 Preferred load address is 10000000

 Start         Length     Name                   Class
 0001:00000000 00023922H .text                   CODE
 0001:00023930 0000368bH .text$x                 CODE
 0001:00026fc0 0000011cH .text$yc                CODE
 0001:000270e0 000000ecH .text$yd                CODE
 0002:00000000 00000430H .idata$5                DATA
 0002:00000430 00000004H .CRT$XCA                DATA
 0002:00000434 0000000cH .CRT$XCL                DATA
 0002:00000440 0000000cH .CRT$XCU                DATA
 0002:0000044c 00000004H .CRT$XCZ                DATA
 0002:00000450 00000004H .CRT$XIA                DATA
 0002:00000454 00000004H .CRT$XIAA               DATA
 0002:00000458 00000004H .CRT$XIC                DATA
 0002:0000045c 00000004H .CRT$XIZ                DATA
 0002:00000460 00002b00H .rdata                  DATA
 0002:00002f60 00000097H .rdata$debug            DATA
 0002:00002ff8 00000f84H .rdata$r                DATA
 0002:00003f80 00000280H .rdata$sxdata           DATA
 0002:00004200 00000004H .rtc$IAA                DATA
 0002:00004204 00000004H .rtc$IZZ                DATA
 0002:00004208 00000004H .rtc$TAA                DATA
 0002:0000420c 00000004H .rtc$TZZ                DATA
 0002:00004210 00004c8cH .xdata$x                DATA
 0002:00008e9c 00000004H ATL$__a                 DATA
 0002:00008ea0 00000004H ATL$__z                 DATA
 0002:00008ea4 000000b4H .idata$2                DATA
 0002:00008f58 00000014H .idata$3                DATA
 0002:00008f6c 00000430H .idata$4                DATA
 0002:0000939c 00000784H .idata$6                DATA
 0002:00009b20 000000a2H .edata                  DATA
 0003:00000000 00000a78H .data                   DATA
 0003:00000a78 0000059cH .bss                    DATA
 0004:00000000 00000184H .rsrc$01                DATA
 0004:00000190 000015e8H .rsrc$02                DATA

  Address         Publics by Value              Rva+Base       Lib:Object

 0000:00000000       __except_list              00000000     <absolute>
 0000:000000a0       ___safe_se_handler_count   000000a0     <absolute>
 0000:00009876       __ldused                   00009876     <absolute>
 0000:00009876       __fltused                  00009876     <absolute>
 0000:00000000       ___ImageBase               10000000     <linker-defined>
 0001:00000000       ??3@YAXPAX0@Z              10001000 f i Columns.obj
 0001:00000000       ?AssertValid@CObject@@UBEXXZ 10001000 f i DBLog.obj
 0001:00000010       ??1bad_alloc@std@@UAE@XZ   10001010 f i Columns.obj
 0001:00000050       ??_Gbad_alloc@std@@UAEPAXI@Z 10001050 f i Columns.obj
 0001:00000050       ??_Ebad_alloc@std@@UAEPAXI@Z 10001050 f i Columns.obj
 0001:000000b0       ??1CComBSTR@ATL@@QAE@XZ    100010b0 f i Columns.obj
 0001:000000c0       ??$_Allocate@V_variant_t@@@std@@YAPAV_variant_t@@IPAV1@@Z 100010c0 f i Columns.obj
 0001:00000150       ??0bad_alloc@std@@QAE@ABV01@@Z 10001150 f i Columns.obj
 0001:000001b0       ??$_Allocate@V_bstr_t@@@std@@YAPAV_bstr_t@@IPAV1@@Z 100011b0 f i Columns.obj
 0001:00000240       ??1stringdispid@CComTypeInfoHolder@ATL@@QAE@XZ 10001240 f i Columns.obj
 0001:00000280       ?Compare@Data_t@_bstr_t@@QBEHABV12@@Z 10001280 f i Columns.obj
 0001:00000300       ??0_variant_t@@QAE@ABV0@@Z 10001300 f i Columns.obj
 0001:00000330       ??0_variant_t@@QAE@PBD@Z   10001330 f i Columns.obj
 0001:00000350       ??4_variant_t@@QAEAAV0@ABV0@@Z 10001350 f i Columns.obj
 0001:00000370       ??1COleSafeArray@@QAE@XZ   10001370 f i Columns.obj
 0001:00000370       ??1_variant_t@@QAE@XZ      10001370 f i Columns.obj
 0001:00000380       ??0_com_error@@QAE@ABV0@@Z 10001380 f i Columns.obj
 0001:000003c0       ??1_com_error@@UAE@XZ      100013c0 f i Columns.obj
 0001:000003f0       ??_E_com_error@@UAEPAXI@Z  100013f0 f i Columns.obj
 0001:000003f0       ??_G_com_error@@UAEPAXI@Z  100013f0 f i Columns.obj
 0001:00000430       ??1_SafeArrayBase@TSUTIL@@UAE@XZ 10001430 f i Columns.obj
 0001:00000460       ?Set@_SafeArrayBase@TSUTIL@@QAEXPAUtagSAFEARRAY@@_N@Z 10001460 f i Columns.obj
 0001:000004b0       ??1?$SafeArray@PA_W$07@TSUTIL@@UAE@XZ 100014b0 f i Columns.obj
 0001:00000510       ?GetForeignKeyValue@CDbColumn@@AAEXAAVLoggingInfo@@AAV_variant_t@@H@Z 10001510 f   Columns.obj
 0001:000005d0       ?SetForeignKey@CDbColumn@@AAEXAAVLoggingInfo@@AAVADOLoggingObject@@H@Z 100015d0 f   Columns.obj
 0001:00000650       ??1?$_com_ptr_t@V?$_com_IIID@UThread@TS@@$1?_GUID_6ad5e6e0_5c69_11d1_93c6_0020af68e893@@3U__s_GUID@@B@@@@QAE@XZ 10001650 f i DBLog.obj
 0001:00000650       ??1?$_com_ptr_t@V?$_com_IIID@UField@@$1?_GUID_00001569_0000_0010_8000_00aa006d2ea4@@3U__s_GUID@@B@@@@QAE@XZ 10001650 f i Columns.obj
 0001:00000650       ??1?$CComPtrBase@UITypeInfo2@@@ATL@@QAE@XZ 10001650 f i DBLog.obj
 0001:00000650       ??1?$_com_ptr_t@V?$_com_IIID@UIInstrSessionMgr@SM@@$1?_GUID_3bba9220_6d15_11d3_8de1_006097053485@@3U__s_GUID@@B@@@@QAE@XZ 10001650 f i TSDBLog.obj
 0001:00000650       ??1?$_com_ptr_t@V?$_com_IIID@UExecution@TS@@$1?_GUID_7dc7e990_18dc_11d1_93be_0020af68e893@@3U__s_GUID@@B@@@@QAE@XZ 10001650 f i DBLog.obj
 0001:00000650       ??1?$_com_ptr_t@V?$_com_IIID@UFields@@$1?_GUID_00001564_0000_0010_8000_00aa006d2ea4@@3U__s_GUID@@B@@@@QAE@XZ 10001650 f i Columns.obj
 0001:00000650       ??1?$_com_ptr_t@V?$_com_IIID@USequenceContext@TS@@$1?_GUID_6427d0e0_e410_11d0_93b4_0020af68e893@@3U__s_GUID@@B@@@@QAE@XZ 10001650 f i Columns.obj
 0001:00000650       ??1?$CComPtrBase@UITypeLib@@@ATL@@QAE@XZ 10001650 f i DBLog.obj
 0001:00000650       ??1?$_com_ptr_t@V?$_com_IIID@UProperties@@$1?_GUID_00000504_0000_0010_8000_00aa006d2ea4@@3U__s_GUID@@B@@@@QAE@XZ 10001650 f i DBLog.obj
 0001:00000650       ??1?$_com_ptr_t@V?$_com_IIID@UProperty@@$1?_GUID_00000503_0000_0010_8000_00aa006d2ea4@@3U__s_GUID@@B@@@@QAE@XZ 10001650 f i DBLog.obj
 0001:00000650       ??1?$_com_ptr_t@V?$_com_IIID@U_Parameter@@$1?_GUID_0000150c_0000_0010_8000_00aa006d2ea4@@3U__s_GUID@@B@@@@QAE@XZ 10001650 f i Columns.obj
 0001:00000650       ??1?$_com_ptr_t@V?$_com_IIID@UCommand25@@$1?_GUID_0000154e_0000_0010_8000_00aa006d2ea4@@3U__s_GUID@@B@@@@QAE@XZ 10001650 f i Columns.obj
 0001:00000650       ??1?$_com_ptr_t@V?$_com_IIID@U_Connection@@$1?_GUID_00001550_0000_0010_8000_00aa006d2ea4@@3U__s_GUID@@B@@@@QAE@XZ 10001650 f i Columns.obj
 0001:00000650       ??1?$_com_ptr_t@V?$_com_IIID@UIInstrSession@SM@@$1?_GUID_8ab74eec_6c57_11d3_8de1_006097053485@@3U__s_GUID@@B@@@@QAE@XZ 10001650 f i DBLog.obj
 0001:00000650       ??1?$_com_ptr_t@V?$_com_IIID@UIDispatch@@$1?_GUID_00020400_0000_0000_c000_000000000046@@3U__s_GUID@@B@@@@QAE@XZ 10001650 f i DBLog.obj
 0001:00000650       ??1?$_com_ptr_t@V?$_com_IIID@UPropertyObject@TS@@$1?_GUID_8d8769a0_09c0_11d1_93bd_0020af68e893@@3U__s_GUID@@B@@@@QAE@XZ 10001650 f i Columns.obj
 0001:00000650       ??1?$_com_ptr_t@V?$_com_IIID@UParameters@@$1?_GUID_0000150d_0000_0010_8000_00aa006d2ea4@@3U__s_GUID@@B@@@@QAE@XZ 10001650 f i Columns.obj
 0001:00000650       ??1?$_com_ptr_t@V?$_com_IIID@UErrors@@$1?_GUID_00000501_0000_0010_8000_00aa006d2ea4@@3U__s_GUID@@B@@@@QAE@XZ 10001650 f i DBLog.obj
 0001:00000650       ??1?$_com_ptr_t@V?$_com_IIID@UPropertyObjectType@TS@@$1?_GUID_606104e9_6ede_469c_a1fc_181acc1856bc@@3U__s_GUID@@B@@@@QAE@XZ 10001650 f i Columns.obj
 0001:00000650       ??1?$_com_ptr_t@V?$_com_IIID@U_Recordset@@$1?_GUID_00001556_0000_0010_8000_00aa006d2ea4@@3U__s_GUID@@B@@@@QAE@XZ 10001650 f i Columns.obj
 0001:00000650       ??1?$_com_ptr_t@V?$_com_IIID@UError@@$1?_GUID_00000500_0000_0010_8000_00aa006d2ea4@@3U__s_GUID@@B@@@@QAE@XZ 10001650 f i DBLog.obj
 0001:00000650       ??1?$_com_ptr_t@V?$_com_IIID@UArrayDimensions@TS@@$1?_GUID_65a60a52_3e57_4707_be4b_8d00bc08e32f@@3U__s_GUID@@B@@@@QAE@XZ 10001650 f i DBLog.obj
 0001:00000650       ??1?$CComPtrBase@UIRegistrar@@@ATL@@QAE@XZ 10001650 f i DBLog.obj
 0001:00000650       ??1?$_com_ptr_t@V?$_com_IIID@UIUnknown@@$1?_GUID_00000000_0000_0000_c000_000000000046@@3U__s_GUID@@B@@@@QAE@XZ 10001650 f i DBLog.obj
 0001:00000650       ??1?$CComPtrBase@UITypeInfo@@@ATL@@QAE@XZ 10001650 f i DBLog.obj
 0001:00000650       ??1?$_com_ptr_t@V?$_com_IIID@UITSDatalink@@$1?_GUID_9d6338d0_57fb_11d4_8105_0090276f59e1@@3U__s_GUID@@B@@@@QAE@XZ 10001650 f i DBLog.obj
 0001:00000650       ??1?$_com_ptr_t@V?$_com_IIID@UExpression@TS@@$1?_GUID_e7495e94_98e0_4d89_bfea_3f850f0a0399@@3U__s_GUID@@B@@@@QAE@XZ 10001650 f i Columns.obj
 0001:00000650       ??1?$CComPtrBase@UIUnknown@@@ATL@@QAE@XZ 10001650 f i DBLog.obj
 0001:00000650       ??1?$_com_ptr_t@V?$_com_IIID@UIEngine@TS@@$1?_GUID_b2794ef5_c0b6_11d0_939c_0020af68e893@@3U__s_GUID@@B@@@@QAE@XZ 10001650 f i Columns.obj
 0001:00000660       ??_G?$SafeArray@PA_W$07@TSUTIL@@UAEPAXI@Z 10001660 f i Columns.obj
 0001:00000660       ??_E?$SafeArray@PA_W$07@TSUTIL@@UAEPAXI@Z 10001660 f i Columns.obj
 0001:000006d0       ??0_bstr_t@@QAE@PBD@Z      100016d0 f i Columns.obj
 0001:00000760       ??0_bstr_t@@QAE@PB_W@Z     10001760 f i Columns.obj
 0001:00000800       ??B_bstr_t@@QBEPADXZ       10001800 f i Columns.obj
 0001:00000800       ??B_bstr_t@@QBEPBDXZ       10001800 f i Columns.obj
 0001:00000830       ??7_bstr_t@@QBE_NXZ        10001830 f i Columns.obj
 0001:00000850       ?length@_bstr_t@@QBEIXZ    10001850 f i Columns.obj
 0001:00000870       ??0Data_t@_bstr_t@@QAE@ABV1@0@Z 10001870 f i Columns.obj
 0001:00000970       ??0_variant_t@@QAE@ABV_bstr_t@@@Z 10001970 f i Columns.obj
 0001:000009c0       ??_E_SafeArrayBase@TSUTIL@@UAEPAXI@Z 100019c0 f i Columns.obj
 0001:000009c0       ??_G_SafeArrayBase@TSUTIL@@UAEPAXI@Z 100019c0 f i Columns.obj
 0001:00000a00       ?GetNumArrayElements@DBMemoryBuilder@@AAEIV_variant_t@@PAI@Z 10001a00 f   Columns.obj
 0001:00000ae0       ?WriteBinaryZeros@DBMemoryBuilder@@AAEXAAVADOLoggingObject@@AAV_bstr_t@@I@Z 10001ae0 f   Columns.obj
 0001:00000bc0       ??4?$_com_ptr_t@V?$_com_IIID@UIUnknown@@$1?_GUID_00000000_0000_0000_c000_000000000046@@3U__s_GUID@@B@@@@QAEAAV0@ABV0@@Z 10001bc0 f i TSDBLog.obj
 0001:00000bc0       ??4?$_com_ptr_t@V?$_com_IIID@UPropertyObject@TS@@$1?_GUID_8d8769a0_09c0_11d1_93bd_0020af68e893@@3U__s_GUID@@B@@@@QAEAAV0@ABV0@@Z 10001bc0 f i Columns.obj
 0001:00000bc0       ??4?$_com_ptr_t@V?$_com_IIID@UCommand25@@$1?_GUID_0000154e_0000_0010_8000_00aa006d2ea4@@3U__s_GUID@@B@@@@QAEAAV0@ABV0@@Z 10001bc0 f i Statement.obj
 0001:00000bc0       ??4?$_com_ptr_t@V?$_com_IIID@UExpression@TS@@$1?_GUID_e7495e94_98e0_4d89_bfea_3f850f0a0399@@3U__s_GUID@@B@@@@QAEAAV0@ABV0@@Z 10001bc0 f i Columns.obj
 0001:00000c00       ?CreateInstance@?$_com_ptr_t@V?$_com_IIID@UCommand25@@$1?_GUID_0000154e_0000_0010_8000_00aa006d2ea4@@3U__s_GUID@@B@@@@QAEJABU_GUID@@PAUIUnknown@@K@Z 10001c00 f i Columns.obj
 0001:00000ca0       ??$_Cons_val@V?$allocator@V_variant_t@@@std@@V_variant_t@@V3@@std@@YAXAAV?$allocator@V_variant_t@@@0@PAV_variant_t@@$$QAV2@@Z 10001ca0 f i Columns.obj
 0001:00000d00       ??0_bstr_t@@QAE@ABV0@@Z    10001d00 f i Columns.obj
 0001:00000d20       ??8_bstr_t@@QBE_NABV0@@Z   10001d20 f i Columns.obj
 0001:00000da0       ??9_bstr_t@@QBE_NABV0@@Z   10001da0 f i Columns.obj
 0001:00000e20       ??$_Rotate@PAV_variant_t@@HV1@@std@@YAXPAV_variant_t@@00PAH0@Z 10001e20 f i Columns.obj
 0001:00000f60       ??$_Cons_val@V?$allocator@V_bstr_t@@@std@@V_bstr_t@@V3@@std@@YAXAAV?$allocator@V_bstr_t@@@0@PAV_bstr_t@@$$QAV2@@Z 10001f60 f i Columns.obj
 0001:00000fc0       ??1_bstr_t@@QAE@XZ         10001fc0 f i Columns.obj
 0001:00001010       ??4_bstr_t@@QAEAAV0@ABV0@@Z 10002010 f i Columns.obj
 0001:00001080       ??4_bstr_t@@QAEAAV0@PBD@Z  10002080 f i Columns.obj
 0001:00001170       ??4_bstr_t@@QAEAAV0@PB_W@Z 10002170 f i Columns.obj
 0001:00001260       ??Y_bstr_t@@QAEAAV0@ABV0@@Z 10002260 f i Columns.obj
 0001:00001320       ??0_bstr_t@@QAE@ABV_variant_t@@@Z 10002320 f i Columns.obj
 0001:000013e0       ?Description@_com_error@@QBE?AV_bstr_t@@XZ 100023e0 f i Columns.obj
 0001:00001480       ??0TSDBLogException@@QAE@HJPBD@Z 10002480 f i Columns.obj
 0001:000014f0       ?GetName@CDbColumn@@QAE?AV_bstr_t@@XZ 100024f0 f i Columns.obj
 0001:00001550       ?HasSameName@Statement@@QAE_NV_bstr_t@@@Z 10002550 f i Columns.obj
 0001:000015e0       ??0TSDBLogException@@QAE@ABV0@@Z 100025e0 f i Columns.obj
 0001:00001650       ?WriteStringValues@DBMemoryBuilder@@AAEXAAVADOLoggingObject@@AAV_bstr_t@@I@Z 10002650 f   Columns.obj
 0001:000019d0       ??1TSDBLogException@@QAE@XZ 100029d0 f i Columns.obj
 0001:00001a50       ?WriteBinaryArray@DBMemoryBuilder@@AAEXAAVADOLoggingObject@@AAV_bstr_t@@AAV_variant_t@@IAAIAA_N@Z 10002a50 f   Columns.obj
 0001:00001dd0       ?EscapeCRLF@DBMemoryBuilder@@AAEXAAV_bstr_t@@@Z 10002dd0 f   Columns.obj
 0001:00001fa0       ?GetNumTypeSizeFromFormat@DBMemoryBuilder@@AAEHG@Z 10002fa0 f   Columns.obj
 0001:00002040       ?GetNumTypeFromFormat@DBMemoryBuilder@@AAEGABV_bstr_t@@G@Z 10003040 f   Columns.obj
 0001:00002240       ?InitForeignKeyInformation@CDbColumn@@QAEXXZ 10003240 f   Columns.obj
 0001:00002520       ?ValidatePreConditions@CDbColumn@@AAE_NAAVLoggingInfo@@@Z 10003520 f   Columns.obj
 0001:000027a0       ?UpdateOutputValue@CDbColumn@@QAEXAAVLoggingInfo@@V_variant_t@@@Z 100037a0 f   Columns.obj
 0001:000028b0       ?GetColumnStatus@CDbColumn@@CA?AV_bstr_t@@J@Z 100038b0 f   Columns.obj
 0001:00002ab0       ?GetPrimaryKeyValue@CDbColumn@@AAEXAAVLoggingInfo@@AAV_variant_t@@@Z 10003ab0 f   Columns.obj
 0001:00003010       ?SetPrimaryKey@CDbColumn@@AAEXAAVLoggingInfo@@AAVADOLoggingObject@@@Z 10004010 f   Columns.obj
 0001:00003090       ?GetDateTimeValue@CDbColumn@@AAEXV_bstr_t@@AAV_variant_t@@@Z 10004090 f   Columns.obj
 0001:00003170       ??$_Uninit_move@PAV_variant_t@@PAV1@V?$allocator@V_variant_t@@@std@@V1@@std@@YAPAV_variant_t@@PAV1@00AAV?$allocator@V_variant_t@@@0@0U_Nonscalar_ptr_iterator_tag@0@@Z 10004170 f i Columns.obj
 0001:00003210       ??$_Move@PAV_bstr_t@@PAV1@@std@@YAPAV_bstr_t@@PAV1@00U_Nonscalar_ptr_iterator_tag@0@@Z 10004210 f i Columns.obj
 0001:000032a0       ?ChangeArrayType@DBMemoryBuilder@@AAEXAAV_variant_t@@G@Z 100042a0 f   Columns.obj
 0001:00003bf0       ?WriteBinaryValue@DBMemoryBuilder@@AAEXAAVADOLoggingObject@@AAV_bstr_t@@AAV_variant_t@@IAAIAA_N@Z 10004bf0 f   Columns.obj
 0001:00003d40       ?WriteBinaryValues@DBMemoryBuilder@@AAEXAAVADOLoggingObject@@AAV_bstr_t@@I@Z 10004d40 f   Columns.obj
 0001:00003ec0       ??$_Umove@PAV_variant_t@@@?$vector@V_variant_t@@V?$allocator@V_variant_t@@@std@@@std@@IAEPAV_variant_t@@PAV2@00@Z 10004ec0 f i Columns.obj
 0001:00003ef0       ??$_Rotate@PAV_bstr_t@@HV1@@std@@YAXPAV_bstr_t@@00PAH0@Z 10004ef0 f i Columns.obj
 0001:00004100       ?Write@DBMemoryBuilder@@QAEXAAVADOLoggingObject@@AAV_bstr_t@@I@Z 10005100 f   Columns.obj
 0001:00004200       ??1?$vector@V_variant_t@@V?$allocator@V_variant_t@@@std@@@std@@QAE@XZ 10005200 f i Columns.obj
 0001:00004250       ?reserve@?$vector@V_variant_t@@V?$allocator@V_variant_t@@@std@@@std@@QAEXI@Z 10005250 f i Columns.obj
 0001:00004340       ??$_Dest_val@V?$allocator@V_bstr_t@@@std@@V_bstr_t@@@std@@YAXAAV?$allocator@V_bstr_t@@@0@PAV_bstr_t@@@Z 10005340 f i Columns.obj
 0001:00004390       ?_Reserve@?$vector@V_variant_t@@V?$allocator@V_variant_t@@@std@@@std@@IAEXI@Z 10005390 f i Columns.obj
 0001:000043f0       ??$_Uninit_move@PAV_bstr_t@@PAV1@V?$allocator@V_bstr_t@@@std@@V1@@std@@YAPAV_bstr_t@@PAV1@00AAV?$allocator@V_bstr_t@@@0@0U_Nonscalar_ptr_iterator_tag@0@@Z 100053f0 f i Columns.obj
 0001:00004490       ??0DBMemoryBuilder@@QAE@W4ColDataType@@@Z 10005490 f   Columns.obj
 0001:000044e0       ??1DBMemoryBuilder@@QAE@XZ 100054e0 f i Columns.obj
 0001:00004560       ??$_Destroy_range@V?$allocator@V_bstr_t@@@std@@@std@@YAXPAV_bstr_t@@0AAV?$allocator@V_bstr_t@@@0@U_Nonscalar_ptr_iterator_tag@0@@Z 10005560 f i Columns.obj
 0001:000045d0       ??$emplace_back@AAY0EA@_W@?$vector@V_variant_t@@V?$allocator@V_variant_t@@@std@@@std@@QAEXAAY0EA@_W@Z 100055d0 f i Columns.obj
 0001:00004660       ??$emplace@AAV_variant_t@@@?$vector@V_variant_t@@V?$allocator@V_variant_t@@@std@@@std@@QAE?AV?$_Vector_iterator@V?$_Vector_val@V_variant_t@@V?$allocator@V_variant_t@@@std@@@std@@@1@V?$_Vector_const_iterator@V?$_Vector_val@V_variant_t@@V?$allocator@V_variant_t@@@std@@@std@@@1@AAV_variant_t@@@Z 10005660 f i Columns.obj
 0001:00004720       ??$emplace@AAV_bstr_t@@@?$vector@V_variant_t@@V?$allocator@V_variant_t@@@std@@@std@@QAE?AV?$_Vector_iterator@V?$_Vector_val@V_variant_t@@V?$allocator@V_variant_t@@@std@@@std@@@1@V?$_Vector_const_iterator@V?$_Vector_val@V_variant_t@@V?$allocator@V_variant_t@@@std@@@std@@@1@AAV_bstr_t@@@Z 10005720 f i Columns.obj
 0001:00004800       ??$_Umove@PAV_bstr_t@@@?$vector@V_bstr_t@@V?$allocator@V_bstr_t@@@std@@@std@@IAEPAV_bstr_t@@PAV2@00@Z 10005800 f i Columns.obj
 0001:00004830       ?reserve@?$vector@V_bstr_t@@V?$allocator@V_bstr_t@@@std@@@std@@QAEXI@Z 10005830 f i Columns.obj
 0001:00004910       ?_Reserve@?$vector@V_bstr_t@@V?$allocator@V_bstr_t@@@std@@@std@@IAEXI@Z 10005910 f i Columns.obj
 0001:00004970       ?AppendNumber@DBMemoryBuilder@@AAEXAAV?$_com_ptr_t@V?$_com_IIID@UPropertyObject@TS@@$1?_GUID_8d8769a0_09c0_11d1_93bd_0020af68e893@@3U__s_GUID@@B@@@@G@Z 10005970 f   Columns.obj
 0001:00004bc0       ?AppendString@DBMemoryBuilder@@AAEXAAV?$_com_ptr_t@V?$_com_IIID@UPropertyObject@TS@@$1?_GUID_8d8769a0_09c0_11d1_93bd_0020af68e893@@3U__s_GUID@@B@@@@V_bstr_t@@_N@Z 10005bc0 f   Columns.obj
 0001:00004dc0       ?AppendBoolean@DBMemoryBuilder@@AAEXAAV?$_com_ptr_t@V?$_com_IIID@UPropertyObject@TS@@$1?_GUID_8d8769a0_09c0_11d1_93bd_0020af68e893@@3U__s_GUID@@B@@@@G@Z 10005dc0 f   Columns.obj
 0001:00004f40       ?AppendNumericArray@DBMemoryBuilder@@AAEXAAV?$_com_ptr_t@V?$_com_IIID@UPropertyObject@TS@@$1?_GUID_8d8769a0_09c0_11d1_93bd_0020af68e893@@3U__s_GUID@@B@@@@G@Z 10005f40 f   Columns.obj
 0001:000051b0       ?AppendStringArray@DBMemoryBuilder@@AAEXAAV?$_com_ptr_t@V?$_com_IIID@UPropertyObject@TS@@$1?_GUID_8d8769a0_09c0_11d1_93bd_0020af68e893@@3U__s_GUID@@B@@@@@Z 100061b0 f   Columns.obj
 0001:00005430       ?AppendBooleanArray@DBMemoryBuilder@@AAEXAAV?$_com_ptr_t@V?$_com_IIID@UPropertyObject@TS@@$1?_GUID_8d8769a0_09c0_11d1_93bd_0020af68e893@@3U__s_GUID@@B@@@@G@Z 10006430 f   Columns.obj
 0001:000056e0       ?push_back@?$vector@V_bstr_t@@V?$allocator@V_bstr_t@@@std@@@std@@QAEX$$QAV_bstr_t@@@Z 100066e0 f i Columns.obj
 0001:000057a0       ?Append@DBMemoryBuilder@@QAEXAAV?$_com_ptr_t@V?$_com_IIID@UPropertyObject@TS@@$1?_GUID_8d8769a0_09c0_11d1_93bd_0020af68e893@@3U__s_GUID@@B@@@@AAV_bstr_t@@HV3@@Z 100067a0 f   Columns.obj
 0001:00005c70       ?SetColumn@CDbColumn@@QAEXAAVLoggingInfo@@AAVADOLoggingObject@@H@Z 10006c70 f   Columns.obj
 0001:00006850       ??1?$vector@V_bstr_t@@V?$allocator@V_bstr_t@@@std@@@std@@QAE@XZ 10007850 f i Columns.obj
 0001:00006890       ??1CDbColumn@@QAE@XZ       10007890 f   Columns.obj
 0001:00006a50       ??$_GetSafeArrayElemValue@V?$vector@V_bstr_t@@V?$allocator@V_bstr_t@@@std@@@std@@PA_W@TSUTIL@@YAXAAPA_WAAV?$vector@V_bstr_t@@V?$allocator@V_bstr_t@@@std@@@std@@J@Z 10007a50 f i Columns.obj
 0001:00006b60       ??$_GetVectorFromSafeArray@V?$vector@V_bstr_t@@V?$allocator@V_bstr_t@@@std@@@std@@PA_W@TSUTIL@@YAXPAUtagSAFEARRAY@@AAV?$vector@V_bstr_t@@V?$allocator@V_bstr_t@@@std@@@std@@@Z 10007b60 f i Columns.obj
 0001:00006c40       ??0CDbColumn@@QAE@AAV?$_com_ptr_t@V?$_com_IIID@UIEngine@TS@@$1?_GUID_b2794ef5_c0b6_11d0_939c_0020af68e893@@3U__s_GUID@@B@@@@AAV?$_com_ptr_t@V?$_com_IIID@UPropertyObject@TS@@$1?_GUID_8d8769a0_09c0_11d1_93bd_0020af68e893@@3U__s_GUID@@B@@@@PAVStatement@@@Z 10007c40 f   Columns.obj
 0001:000074d0       _IsEqualGUID               100084d0 f i DBLog.obj
 0001:00007540       ?AtlThrowImpl@ATL@@YGXJ@Z  10008540 f i DBLog.obj
 0001:00007560       ?wcsncpy_s@Checked@ATL@@YAHPA_WIPB_WI@Z 10008560 f i DBLog.obj
 0001:00007600       ?Init@CComCriticalSection@ATL@@QAEJXZ 10008600 f i DBLog.obj
 0001:00007630       ??1CComSafeDeleteCriticalSection@ATL@@QAE@XZ 10008630 f i DBLog.obj
 0001:00007650       ?GetValueType@PropertyObjectType@TS@@QAE?AW4PropertyValueTypes@2@XZ 10008650 f   DBLog.obj
 0001:00007680       ?GetNumElements@PropertyObject@TS@@QAEJXZ 10008680 f   DBLog.obj
 0001:000076c0       ?GetNumTokens@Expression@TS@@QAEJXZ 100086c0 f   DBLog.obj
 0001:000076f0       ?Tokenize@Expression@TS@@QAEJJJ@Z 100086f0 f   DBLog.obj
 0001:00007730       ?GetLockCount@CAtlModule@ATL@@UAEJXZ 10008730 f i DBLog.obj
 0001:00007790       ?Init@CComModule@ATL@@QAEJPAU_ATL_OBJMAP_ENTRY30@2@PAUHINSTANCE__@@PBU_GUID@@@Z 10008790 f i DBLog.obj
 0001:00007810       ?Term@CComModule@ATL@@QAEXXZ 10008810 f i DBLog.obj
 0001:000078b0       ?GetId@Execution@TS@@QAEJXZ 100088b0 f   DBLog.obj
 0001:000078f0       ?GetTerminationMonitorStatus@Execution@TS@@QAEFPAUPropertyObject@2@ABV_variant_t@@@Z 100088f0 f   DBLog.obj
 0001:00007950       ?GetId@Thread@TS@@QAEJXZ   10008950 f   DBLog.obj
 0001:00007980       ?GetCallStackSize@Thread@TS@@QAEJXZ 10008980 f   DBLog.obj
 0001:000079b0       ?GetCallStackDepth@SequenceContext@TS@@QAEJXZ 100089b0 f   DBLog.obj
 0001:000079f0       ?GetCallerDiscardsResults@SequenceContext@TS@@QAEFXZ 100089f0 f   DBLog.obj
 0001:00007a30       ??1CComAutoDeleteCriticalSection@ATL@@QAE@XZ 10008a30 f i DBLog.obj
 0001:00007a80       ?GetCount@_Collection@@QAEJXZ 10008a80 f   DBLog.obj
 0001:00007ab0       ?Append@_DynaCollection@@QAEJPAUIDispatch@@@Z 10008ab0 f   DBLog.obj
 0001:00007ae0       ?GetNumber@Error@@QAEJXZ   10008ae0 f   DBLog.obj
 0001:00007b10       ?GetNativeError@Error@@QAEJXZ 10008b10 f   DBLog.obj
 0001:00007b40       ?GetAttributes@Field20@@QAEJXZ 10008b40 f   DBLog.obj
 0001:00007b70       ?GetValue@Field20@@QAE?AV_variant_t@@XZ 10008b70 f   DBLog.obj
 0001:00007c00       ?PutValue@Field20@@QAEXABV_variant_t@@@Z 10008c00 f   DBLog.obj
 0001:00007c40       ?AppendChunk@Field20@@QAEJABV_variant_t@@@Z 10008c40 f   DBLog.obj
 0001:00007c90       ?GetStatus@Field@@QAEJXZ   10008c90 f   DBLog.obj
 0001:00007cc0       ?GetValue@_Parameter@@QAE?AV_variant_t@@XZ 10008cc0 f   DBLog.obj
 0001:00007d50       ?PutValue@_Parameter@@QAEXABV_variant_t@@@Z 10008d50 f   DBLog.obj
 0001:00007d90       ?AppendChunk@_Parameter@@QAEJABV_variant_t@@@Z 10008d90 f   DBLog.obj
 0001:00007de0       ?PutAttributes@_Parameter@@QAEXJ@Z 10008de0 f   DBLog.obj
 0001:00007e10       ?PutRefActiveConnection@Command15@@QAEXPAU_Connection@@@Z 10008e10 f   DBLog.obj
 0001:00007e40       ?PutCommandType@Command15@@QAEXW4CommandTypeEnum@@@Z 10008e40 f   DBLog.obj
 0001:00007e70       ?Close@Connection15@@QAEJXZ 10008e70 f   DBLog.obj
 0001:00007ea0       ?BeginTrans@Connection15@@QAEJXZ 10008ea0 f   DBLog.obj
 0001:00007ed0       ?CommitTrans@Connection15@@QAEJXZ 10008ed0 f   DBLog.obj
 0001:00007f00       ?RollbackTrans@Connection15@@QAEJXZ 10008f00 f   DBLog.obj
 0001:00007f30       ?PutMode@Connection15@@QAEXW4ConnectModeEnum@@@Z 10008f30 f   DBLog.obj
 0001:00007f60       ?PutRefActiveConnection@Recordset15@@QAEXPAUIDispatch@@@Z 10008f60 f   DBLog.obj
 0001:00007f90       ?GetEOF@Recordset15@@QAEFXZ 10008f90 f   DBLog.obj
 0001:00007fd0       ?PutRefSource@Recordset15@@QAEXPAUIDispatch@@@Z 10008fd0 f   DBLog.obj
 0001:00008000       ?AddNew@Recordset15@@QAEJABV_variant_t@@0@Z 10009000 f   DBLog.obj
 0001:00008070       ?Close@Recordset15@@QAEJXZ 10009070 f   DBLog.obj
 0001:000080a0       ?MoveFirst@Recordset15@@QAEJXZ 100090a0 f   DBLog.obj
 0001:000080d0       ?Open@Recordset15@@QAEJABV_variant_t@@0W4CursorTypeEnum@@W4LockTypeEnum@@J@Z 100090d0 f   DBLog.obj
 0001:00008150       ?Update@Recordset15@@QAEJABV_variant_t@@0@Z 10009150 f   DBLog.obj
 0001:000081c0       ?UpdateBatch@Recordset15@@QAEJW4AffectEnum@@@Z 100091c0 f   DBLog.obj
 0001:000081f0       ?PutCursorLocation@Recordset15@@QAEXW4CursorLocationEnum@@@Z 100091f0 f   DBLog.obj
 0001:00008220       ?Dump@CObject@@UBEXAAVCDumpContext@@@Z 10009220 f i DBLog.obj
 0001:00008220       ?ObjectMain@CComObjectRootBase@ATL@@SGX_N@Z 10009220 f i DBLog.obj
 0001:00008220       ?Serialize@CObject@@UAEXAAVCArchive@@@Z 10009220 f i DBLog.obj
 0001:00008230       ??3CObject@@SGXPAX@Z       10009230 f i DBLog.obj
 0001:00008240       ?SupportsRestartManager@CWinApp@@UBEHXZ 10009240 f i DBLog.obj
 0001:00008250       ?SupportsApplicationRecovery@CWinApp@@UBEHXZ 10009250 f i DBLog.obj
 0001:00008260       ?SupportsAutosaveAtRestart@CWinApp@@UBEHXZ 10009260 f i DBLog.obj
 0001:00008270       ?SupportsAutosaveAtInterval@CWinApp@@UBEHXZ 10009270 f i DBLog.obj
 0001:00008280       ?ReopenPreviousFilesAtRestart@CWinApp@@UBEHXZ 10009280 f i DBLog.obj
 0001:00008290       ?RestoreAutosavedFilesAtRestart@CWinApp@@UBEHXZ 10009290 f i DBLog.obj
 0001:000082a0       ?GetApplicationRestartFlags@CWinApp@@UAEKXZ 100092a0 f i DBLog.obj
 0001:000082a0       ?GetApplicationRecoveryParameter@CWinApp@@UAEPAXXZ 100092a0 f i DBLog.obj
 0001:000082a0       ?_AfxInitManaged@@YAHXZ    100092a0 f i DBLog.obj
 0001:000082a0       ?GetObjectDescription@?$CComCoClass@VCTSDatalink@@$1?CLSID_TSDatalink@@3U_GUID@@B@ATL@@SGPBDXZ 100092a0 f i DBLog.obj
 0001:000082a0       ?GetCategoryMap@CComObjectRootBase@ATL@@SAPBU_ATL_CATMAP_ENTRY@2@XZ 100092a0 f i DBLog.obj
 0001:000082a0       ?GetObjectDescription@?$CComCoClass@VCTSDBLog@@$1?CLSID_TSDBLog@@3U_GUID@@B@ATL@@SGPBDXZ 100092a0 f i DBLog.obj
 0001:000082b0       ?GetApplicationRecoveryPingInterval@CWinApp@@UAEKXZ 100092b0 f i DBLog.obj
 0001:000082c0       ??_GCDBLogApp@@UAEPAXI@Z   100092c0 f i DBLog.obj
 0001:000082c0       ??_ECDBLogApp@@UAEPAXI@Z   100092c0 f i DBLog.obj
 0001:00008310       ?InitInstance@CDBLogApp@@UAEHXZ 10009310 f   DBLog.obj
 0001:00008340       ?ExitInstance@CDBLogApp@@UAEHXZ 10009340 f   DBLog.obj
 0001:00008360       _DllCanUnloadNow@0         10009360 f   DBLog.obj
 0001:000083d0       ??0?$CComObject@VCTSDatalink@@@ATL@@QAE@PAX@Z 100093d0 f i DBLog.obj
 0001:00008430       ??$AtlMultiply@H@ATL@@YAJPAHHH@Z 10009430 f i DBLog.obj
 0001:00008460       ?AtlA2WHelper@@YGPA_WPA_WPBDHI@Z 10009460 f i DBLog.obj
 0001:000084a0       ?AddTermFunc@CAtlModule@ATL@@QAEJP6GXK@ZK@Z 100094a0 f i DBLog.obj
 0001:000084e0       ??0stringdispid@CComTypeInfoHolder@ATL@@QAE@XZ 100094e0 f i DBLog.obj
 0001:00008520       ??1?$CAtlSafeAllocBufferManager@VCCRTAllocator@ATL@@@_ATL_SAFE_ALLOCA_IMPL@ATL@@QAE@XZ 10009520 f i DBLog.obj
 0001:00008550       ??$AtlAdd@K@ATL@@YAJPAKKK@Z 10009550 f i DBLog.obj
 0001:00008580       ?AddRef@?$CComObject@VCTSDatalink@@@ATL@@UAGKXZ 10009580 f i DBLog.obj
 0001:00008580       ?AddRef@?$CComObject@VCTSDBLog@@@ATL@@UAGKXZ 10009580 f i DBLog.obj
 0001:000085a0       ?Release@?$CComObject@VCTSDatalink@@@ATL@@UAGKXZ 100095a0 f i DBLog.obj
 0001:000085a0       ?Release@?$CComObject@VCTSDBLog@@@ATL@@UAGKXZ 100095a0 f i DBLog.obj
 0001:000085d0       ??_E?$CComObject@VCTSDatalink@@@ATL@@UAEPAXI@Z 100095d0 f i DBLog.obj
 0001:000085d0       ??_G?$CComObject@VCTSDatalink@@@ATL@@UAEPAXI@Z 100095d0 f i DBLog.obj
 0001:00008650       ??1?$CComContainedObject@VCTSDatalink@@@ATL@@QAE@XZ 10009650 f i DBLog.obj
 0001:00008690       ?Release@?$CComObject@VCTSDatalink@@@ATL@@W3AGKXZ 10009690 f i DBLog.obj
 0001:00008690       ?Release@?$CComObject@VCTSDBLog@@@ATL@@W3AGKXZ 10009690 f i DBLog.obj
 0001:000086a0       ?AddRef@?$CComObject@VCTSDBLog@@@ATL@@W3AGKXZ 100096a0 f i DBLog.obj
 0001:000086a0       ?AddRef@?$CComObject@VCTSDatalink@@@ATL@@W3AGKXZ 100096a0 f i DBLog.obj
 0001:000086b0       ?Release@?$CComContainedObject@VCTSDatalink@@@ATL@@W3AGKXZ 100096b0 f i DBLog.obj
 0001:000086b0       ?Release@?$CComContainedObject@VCTSDBLog@@@ATL@@W3AGKXZ 100096b0 f i DBLog.obj
 0001:000086c0       ?_AtlVerifyStackAvailable@_ATL_SAFE_ALLOCA_IMPL@ATL@@YA_NK@Z 100096c0 f i DBLog.obj
 0001:00008760       ??0CAtlModule@ATL@@QAE@XZ  10009760 f i DBLog.obj
 0001:000087d0       ??1CAtlModule@ATL@@UAE@XZ  100097d0 f i DBLog.obj
 0001:00008820       ??1?$CComPtr@UIUnknown@@@ATL@@QAE@XZ 10009820 f i DBLog.obj
 0001:00008820       ??1?$CComPtr@UITypeInfo@@@ATL@@QAE@XZ 10009820 f i DBLog.obj
 0001:00008820       ??1?$CComPtr@UITypeInfo2@@@ATL@@QAE@XZ 10009820 f i DBLog.obj
 0001:00008820       ??1?$CComPtr@UITypeLib@@@ATL@@QAE@XZ 10009820 f i DBLog.obj
 0001:00008820       ??1?$CComPtr@UIRegistrar@@@ATL@@QAE@XZ 10009820 f i DBLog.obj
 0001:00008860       ??1?$CAtlModuleT@VCComModule@ATL@@@ATL@@UAE@XZ 10009860 f i DBLog.obj
 0001:000088e0       ?LoadNameCache@CComTypeInfoHolder@ATL@@QAEJPAUITypeInfo@@@Z 100098e0 f i DBLog.obj
 0001:00008ad0       ?Cleanup@CComTypeInfoHolder@ATL@@SGXK@Z 10009ad0 f i DBLog.obj
 0001:00008b20       ?Allocate@?$CAtlSafeAllocBufferManager@VCCRTAllocator@ATL@@@_ATL_SAFE_ALLOCA_IMPL@ATL@@QAEPAXK@Z 10009b20 f i DBLog.obj
 0001:00008b60       ??1?$CComObjectRootEx@VCComMultiThreadModel@ATL@@@ATL@@QAE@XZ 10009b60 f i DBLog.obj
 0001:00008bb0       ??1?$CComCritSecLock@VCComCriticalSection@ATL@@@ATL@@QAE@XZ 10009bb0 f i DBLog.obj
 0001:00008bd0       ?IsEqualObject@?$CComPtrBase@UITypeInfo@@@ATL@@QAE_NPAUIUnknown@@@Z 10009bd0 f i DBLog.obj
 0001:00008cc0       ?GetMessageMap@CDBLogApp@@MBEPBUAFX_MSGMAP@@XZ 10009cc0 f   DBLog.obj
 0001:00008cd0       ?CreateInstance@?$CComCreator@V?$CComObject@VCTSDatalink@@@ATL@@@ATL@@SGJPAXABU_GUID@@PAPAX@Z 10009cd0 f i DBLog.obj
 0001:00008e00       ?CreateInstance@CComClassFactory@ATL@@UAGJPAUIUnknown@@ABU_GUID@@PAPAX@Z 10009e00 f i DBLog.obj
 0001:00008e60       ?LockServer@CComClassFactory@ATL@@UAGJH@Z 10009e60 f i DBLog.obj
 0001:00008e90       ?_AtlInitialConstruct@?$CComAggObject@VCTSDBLog@@@ATL@@QAEJXZ 10009e90 f i DBLog.obj
 0001:00008ed0       ?QueryInterface@?$CComObject@VCTSDatalink@@@ATL@@UAGJABU_GUID@@PAPAX@Z 10009ed0 f i DBLog.obj
 0001:00008ef0       ??0?$CComAggObject@VCTSDatalink@@@ATL@@QAE@PAX@Z 10009ef0 f i DBLog.obj
 0001:00008f80       ?_AtlInitialConstruct@?$CComAggObject@VCTSDatalink@@@ATL@@QAEJXZ 10009f80 f i DBLog.obj
 0001:00008fc0       ?AddRef@?$CComAggObject@VCTSDatalink@@@ATL@@UAGKXZ 10009fc0 f i DBLog.obj
 0001:00008fc0       ?AddRef@?$CComAggObject@VCTSDBLog@@@ATL@@UAGKXZ 10009fc0 f i DBLog.obj
 0001:00008fe0       ?Release@?$CComAggObject@VCTSDatalink@@@ATL@@UAGKXZ 10009fe0 f i DBLog.obj
 0001:00008fe0       ?Release@?$CComAggObject@VCTSDBLog@@@ATL@@UAGKXZ 10009fe0 f i DBLog.obj
 0001:00009010       ?QueryInterface@?$CComAggObject@VCTSDatalink@@@ATL@@UAGJABU_GUID@@PAPAX@Z 1000a010 f i DBLog.obj
 0001:00009080       ??1CTSDBLog@@QAE@XZ        1000a080 f i DBLog.obj
 0001:00009100       ??1?$CComContainedObject@VCTSDBLog@@@ATL@@QAE@XZ 1000a100 f i DBLog.obj
 0001:00009180       ??_G?$CComAggObject@VCTSDatalink@@@ATL@@UAEPAXI@Z 1000a180 f i DBLog.obj
 0001:00009180       ??_E?$CComAggObject@VCTSDatalink@@@ATL@@UAEPAXI@Z 1000a180 f i DBLog.obj
 0001:00009200       ?QueryInterface@?$CComObject@VCTSDatalink@@@ATL@@W3AGJABU_GUID@@PAPAX@Z 1000a200 f i DBLog.obj
 0001:00009210       ?GetElementType@PropertyObjectType@TS@@QAE?AV?$_com_ptr_t@V?$_com_IIID@UPropertyObjectType@TS@@$1?_GUID_606104e9_6ede_469c_a1fc_181acc1856bc@@3U__s_GUID@@B@@@@XZ 1000a210 f   DBLog.obj
 0001:00009290       ?GetArrayDimensions@PropertyObjectType@TS@@QAE?AV?$_com_ptr_t@V?$_com_IIID@UArrayDimensions@TS@@$1?_GUID_65a60a52_3e57_4707_be4b_8d00bc08e32f@@3U__s_GUID@@B@@@@XZ 1000a290 f   DBLog.obj
 0001:00009310       ?GetPropertyObjectByOffset@PropertyObject@TS@@QAE?AV?$_com_ptr_t@V?$_com_IIID@UPropertyObject@TS@@$1?_GUID_8d8769a0_09c0_11d1_93bd_0020af68e893@@3U__s_GUID@@B@@@@JJ@Z 1000a310 f   DBLog.obj
 0001:000093a0       ?GetType@PropertyObject@TS@@QAE?AV?$_com_ptr_t@V?$_com_IIID@UPropertyObjectType@TS@@$1?_GUID_606104e9_6ede_469c_a1fc_181acc1856bc@@3U__s_GUID@@B@@@@XZ 1000a3a0 f   DBLog.obj
 0001:00009420       ?Evaluate@Expression@TS@@QAE?AV?$_com_ptr_t@V?$_com_IIID@UPropertyObject@TS@@$1?_GUID_8d8769a0_09c0_11d1_93bd_0020af68e893@@3U__s_GUID@@B@@@@PAUPropertyObject@2@J@Z 1000a420 f   DBLog.obj
 0001:000094a0       ?UpdateRegistryFromResourceDHelper@CAtlModule@ATL@@QAGJPB_WHPAU_ATL_REGMAP_ENTRY@2@@Z 1000a4a0 f i DBLog.obj
 0001:00009570       ?Lock@CAtlModule@ATL@@UAEJXZ 1000a570 f i DBLog.obj
 0001:00009580       ?Unlock@CAtlModule@ATL@@UAEJXZ 1000a580 f i DBLog.obj
 0001:00009590       ?GetGITPtr@CAtlModule@ATL@@UAEJPAPAUIGlobalInterfaceTable@@@Z 1000a590 f i DBLog.obj
 0001:000095e0       ?UpdateRegistryFromResourceS@CComModule@ATL@@UAGJPBDHPAU_ATL_REGMAP_ENTRY@2@@Z 1000a5e0 f i DBLog.obj
 0001:000095e0       ?UpdateRegistryFromResourceS@CComModule@ATL@@UAGJIHPAU_ATL_REGMAP_ENTRY@2@@Z 1000a5e0 f i DBLog.obj
 0001:000095f0       ?AddCommonRGSReplacements@?$CAtlModuleT@VCComModule@ATL@@@ATL@@UAEJPAUIRegistrarBase@@@Z 1000a5f0 f i DBLog.obj
 0001:00009610       ??_ECComModule@ATL@@UAEPAXI@Z 1000a610 f i DBLog.obj
 0001:00009610       ??_GCComModule@ATL@@UAEPAXI@Z 1000a610 f i DBLog.obj
 0001:000096a0       _AtlUnRegisterTypeLib@8    1000a6a0 f i DBLog.obj
 0001:000097e0       _AtlRegisterTypeLib@8      1000a7e0 f i DBLog.obj
 0001:000099a0       _AtlComModuleRegisterServer@12 1000a9a0 f i DBLog.obj
 0001:00009a30       _AtlComModuleUnregisterServer@12 1000aa30 f i DBLog.obj
 0001:00009ac0       ?GetClassObject@CComModule@ATL@@QAEJABU_GUID@@0PAPAX@Z 1000aac0 f i DBLog.obj
 0001:00009c00       ?NewExpression@IEngine@TS@@QAE?AV?$_com_ptr_t@V?$_com_IIID@UExpression@TS@@$1?_GUID_e7495e94_98e0_4d89_bfea_3f850f0a0399@@3U__s_GUID@@B@@@@XZ 1000ac00 f   DBLog.obj
 0001:00009c80       ?AsPropertyObject@Execution@TS@@QAE?AV?$_com_ptr_t@V?$_com_IIID@UPropertyObject@TS@@$1?_GUID_8d8769a0_09c0_11d1_93bd_0020af68e893@@3U__s_GUID@@B@@@@XZ 1000ac80 f   DBLog.obj
 0001:00009d00       ?InitTerminationMonitor@Execution@TS@@QAE?AV?$_com_ptr_t@V?$_com_IIID@UPropertyObject@TS@@$1?_GUID_8d8769a0_09c0_11d1_93bd_0020af68e893@@3U__s_GUID@@B@@@@XZ 1000ad00 f   DBLog.obj
 0001:00009d80       ?GetSequenceContext@Thread@TS@@QAE?AV?$_com_ptr_t@V?$_com_IIID@USequenceContext@TS@@$1?_GUID_6427d0e0_e410_11d0_93b4_0020af68e893@@3U__s_GUID@@B@@@@JPAJ@Z 1000ad80 f   DBLog.obj
 0001:00009e00       ?AsPropertyObject@SequenceContext@TS@@QAE?AV?$_com_ptr_t@V?$_com_IIID@UPropertyObject@TS@@$1?_GUID_8d8769a0_09c0_11d1_93bd_0020af68e893@@3U__s_GUID@@B@@@@XZ 1000ae00 f   DBLog.obj
 0001:00009e80       ?GetCaller@SequenceContext@TS@@QAE?AV?$_com_ptr_t@V?$_com_IIID@USequenceContext@TS@@$1?_GUID_6427d0e0_e410_11d0_93b4_0020af68e893@@3U__s_GUID@@B@@@@XZ 1000ae80 f   DBLog.obj
 0001:00009f00       ?GetRoot@SequenceContext@TS@@QAE?AV?$_com_ptr_t@V?$_com_IIID@USequenceContext@TS@@$1?_GUID_6427d0e0_e410_11d0_93b4_0020af68e893@@3U__s_GUID@@B@@@@XZ 1000af00 f   DBLog.obj
 0001:00009f80       ?GetThread@SequenceContext@TS@@QAE?AV?$_com_ptr_t@V?$_com_IIID@UThread@TS@@$1?_GUID_6ad5e6e0_5c69_11d1_93c6_0020af68e893@@3U__s_GUID@@B@@@@XZ 1000af80 f   DBLog.obj
 0001:0000a000       ?GetExecution@SequenceContext@TS@@QAE?AV?$_com_ptr_t@V?$_com_IIID@UExecution@TS@@$1?_GUID_7dc7e990_18dc_11d1_93be_0020af68e893@@3U__s_GUID@@B@@@@XZ 1000b000 f   DBLog.obj
 0001:0000a080       ?GetEngine@SequenceContext@TS@@QAE?AV?$_com_ptr_t@V?$_com_IIID@UIEngine@TS@@$1?_GUID_b2794ef5_c0b6_11d0_939c_0020af68e893@@3U__s_GUID@@B@@@@XZ 1000b080 f   DBLog.obj
 0001:0000a100       ??1CComClassFactory@ATL@@UAE@XZ 1000b100 f i DBLog.obj
 0001:0000a160       ??_ECComClassFactory@ATL@@UAEPAXI@Z 1000b160 f i DBLog.obj
 0001:0000a160       ??_GCComClassFactory@ATL@@UAEPAXI@Z 1000b160 f i DBLog.obj
 0001:0000a1e0       ??$?4UITypeInfo2@@@?$CComPtr@UITypeInfo@@@ATL@@QAEPAUITypeInfo@@ABV?$CComPtr@UITypeInfo2@@@1@@Z 1000b1e0 f i DBLog.obj
 0001:0000a210       ?GetItem@Properties@@QAE?AV?$_com_ptr_t@V?$_com_IIID@UProperty@@$1?_GUID_00000503_0000_0010_8000_00aa006d2ea4@@3U__s_GUID@@B@@@@ABV_variant_t@@@Z 1000b210 f   DBLog.obj
 0001:0000a2b0       ?GetProperties@_ADO@@QAE?AV?$_com_ptr_t@V?$_com_IIID@UProperties@@$1?_GUID_00000504_0000_0010_8000_00aa006d2ea4@@3U__s_GUID@@B@@@@XZ 1000b2b0 f   DBLog.obj
 0001:0000a330       ?GetItem@Errors@@QAE?AV?$_com_ptr_t@V?$_com_IIID@UError@@$1?_GUID_00000500_0000_0010_8000_00aa006d2ea4@@3U__s_GUID@@B@@@@ABV_variant_t@@@Z 1000b330 f   DBLog.obj
 0001:0000a3d0       ?GetItem@Fields15@@QAE?AV?$_com_ptr_t@V?$_com_IIID@UField@@$1?_GUID_00001569_0000_0010_8000_00aa006d2ea4@@3U__s_GUID@@B@@@@ABV_variant_t@@@Z 1000b3d0 f   DBLog.obj
 0001:0000a470       ?GetItem@Parameters@@QAE?AV?$_com_ptr_t@V?$_com_IIID@U_Parameter@@$1?_GUID_0000150c_0000_0010_8000_00aa006d2ea4@@3U__s_GUID@@B@@@@ABV_variant_t@@@Z 1000b470 f   DBLog.obj
 0001:0000a510       ?GetActiveConnection@Command15@@QAE?AV?$_com_ptr_t@V?$_com_IIID@U_Connection@@$1?_GUID_00001550_0000_0010_8000_00aa006d2ea4@@3U__s_GUID@@B@@@@XZ 1000b510 f   DBLog.obj
 0001:0000a590       ?Execute@Command15@@QAE?AV?$_com_ptr_t@V?$_com_IIID@U_Recordset@@$1?_GUID_00001556_0000_0010_8000_00aa006d2ea4@@3U__s_GUID@@B@@@@PAUtagVARIANT@@0J@Z 1000b590 f   DBLog.obj
 0001:0000a620       ?GetParameters@Command15@@QAE?AV?$_com_ptr_t@V?$_com_IIID@UParameters@@$1?_GUID_0000150d_0000_0010_8000_00aa006d2ea4@@3U__s_GUID@@B@@@@XZ 1000b620 f   DBLog.obj
 0001:0000a6a0       ?GetErrors@Connection15@@QAE?AV?$_com_ptr_t@V?$_com_IIID@UErrors@@$1?_GUID_00000501_0000_0010_8000_00aa006d2ea4@@3U__s_GUID@@B@@@@XZ 1000b6a0 f   DBLog.obj
 0001:0000a720       ?GetFields@Recordset15@@QAE?AV?$_com_ptr_t@V?$_com_IIID@UFields@@$1?_GUID_00001564_0000_0010_8000_00aa006d2ea4@@3U__s_GUID@@B@@@@XZ 1000b720 f   DBLog.obj
 0001:0000a7a0       _DllGetClassObject@12      1000b7a0 f   DBLog.obj
 0001:0000a7b0       ??0?$CComObjectCached@VCComClassFactory@ATL@@@ATL@@QAE@PAX@Z 1000b7b0 f i DBLog.obj
 0001:0000a840       ?AddRef@?$CComObjectCached@VCComClassFactory@ATL@@@ATL@@UAGKXZ 1000b840 f i DBLog.obj
 0001:0000a870       ?Release@?$CComObjectCached@VCComClassFactory@ATL@@@ATL@@UAGKXZ 1000b870 f i DBLog.obj
 0001:0000a8c0       ?QueryInterface@?$CComObjectCached@VCComClassFactory@ATL@@@ATL@@UAGJABU_GUID@@PAPAX@Z 1000b8c0 f i DBLog.obj
 0001:0000a8e0       ?CreateInstance@?$CComCreator@V?$CComAggObject@VCTSDatalink@@@ATL@@@ATL@@SGJPAXABU_GUID@@PAPAX@Z 1000b8e0 f i DBLog.obj
 0001:0000a9e0       ??_E?$CComObjectCached@VCComClassFactory@ATL@@@ATL@@UAEPAXI@Z 1000b9e0 f i DBLog.obj
 0001:0000a9e0       ??_G?$CComObjectCached@VCComClassFactory@ATL@@@ATL@@UAEPAXI@Z 1000b9e0 f i DBLog.obj
 0001:0000aa70       ?UpdateRegistryFromResourceD@CAtlModule@ATL@@QAGJPBDHPAU_ATL_REGMAP_ENTRY@2@@Z 1000ba70 f i DBLog.obj
 0001:0000ab60       ?UpdateRegistryFromResourceD@CComModule@ATL@@UAGJPBDHPAU_ATL_REGMAP_ENTRY@2@@Z 1000bb60 f i DBLog.obj
 0001:0000ab70       ?UpdateRegistryFromResourceD@CComModule@ATL@@UAGJIHPAU_ATL_REGMAP_ENTRY@2@@Z 1000bb70 f i DBLog.obj
 0001:0000ab80       ?GetTI@CComTypeInfoHolder@ATL@@QAEJK@Z 1000bb80 f i DBLog.obj
 0001:0000ae50       ?CreateInstance@?$CComCreator@V?$CComObjectCached@VCComClassFactory@ATL@@@ATL@@@ATL@@SGJPAXABU_GUID@@PAPAX@Z 1000be50 f i DBLog.obj
 0001:0000af70       ?CreateInstance@?$CComCreator2@V?$CComCreator@V?$CComObject@VCTSDatalink@@@ATL@@@ATL@@V?$CComCreator@V?$CComAggObject@VCTSDatalink@@@ATL@@@2@@ATL@@SGJPAXABU_GUID@@PAPAX@Z 1000bf70 f i DBLog.obj
 0001:0000af90       ?UpdateRegistry@CTSDatalink@@SGJH@Z 1000bf90 f i DBLog.obj
 0001:0000afb0       ?UpdateRegistry@CTSDBLog@@SGJH@Z 1000bfb0 f i DBLog.obj
 0001:0000afd0       ?RegisterServer@CComModule@ATL@@QAEJHPBU_GUID@@@Z 1000bfd0 f i DBLog.obj
 0001:0000b070       ?UnregisterServer@CComModule@ATL@@QAEJHPBU_GUID@@@Z 1000c070 f i DBLog.obj
 0001:0000b100       ?GetIDsOfNames@CComTypeInfoHolder@ATL@@QAEJABU_GUID@@PAPA_WIKPAJ@Z 1000c100 f i DBLog.obj
 0001:0000b220       ?AttachObject@IInstrSession@SM@@QAEJV_bstr_t@@PAUIUnknown@@0F@Z 1000c220 f   DBLog.obj
 0001:0000b340       ?TSRenamed_GetObject@IInstrSession@SM@@QAE?AV?$_com_ptr_t@V?$_com_IIID@UIUnknown@@$1?_GUID_00000000_0000_0000_c000_000000000046@@3U__s_GUID@@B@@@@V_bstr_t@@@Z 1000c340 f   DBLog.obj
 0001:0000b410       ?DetachData@IInstrSession@SM@@QAEJV_bstr_t@@@Z 1000c410 f   DBLog.obj
 0001:0000b4c0       ?GetInstrSession@IInstrSessionMgr@SM@@QAE?AV?$_com_ptr_t@V?$_com_IIID@UIInstrSession@SM@@$1?_GUID_8ab74eec_6c57_11d3_8de1_006097053485@@3U__s_GUID@@B@@@@V_bstr_t@@F@Z 1000c4c0 f   DBLog.obj
 0001:0000b590       ?GetSource@Error@@QAE?AV_bstr_t@@XZ 1000c590 f   DBLog.obj
 0001:0000b640       ?GetDescription@Error@@QAE?AV_bstr_t@@XZ 1000c640 f   DBLog.obj
 0001:0000b6f0       ?GetSQLState@Error@@QAE?AV_bstr_t@@XZ 1000c6f0 f   DBLog.obj
 0001:0000b7a0       ?GetCommandText@Command15@@QAE?AV_bstr_t@@XZ 1000c7a0 f   DBLog.obj
 0001:0000b850       ?PutCommandText@Command15@@QAEXV_bstr_t@@@Z 1000c850 f   DBLog.obj
 0001:0000b900       ?CreateParameter@Command15@@QAE?AV?$_com_ptr_t@V?$_com_IIID@U_Parameter@@$1?_GUID_0000150c_0000_0010_8000_00aa006d2ea4@@3U__s_GUID@@B@@@@V_bstr_t@@W4DataTypeEnum@@W4ParameterDirectionEnum@@JABV_variant_t@@@Z 1000c900 f   DBLog.obj
 0001:0000ba00       ?GetConnectionString@Connection15@@QAE?AV_bstr_t@@XZ 1000ca00 f   DBLog.obj
 0001:0000bab0       ?PutConnectionString@Connection15@@QAEXV_bstr_t@@@Z 1000cab0 f   DBLog.obj
 0001:0000bb60       ?GetVersion@Connection15@@QAE?AV_bstr_t@@XZ 1000cb60 f   DBLog.obj
 0001:0000bc10       ?Open@Connection15@@QAEJV_bstr_t@@00J@Z 1000cc10 f   DBLog.obj
 0001:0000bd80       ?Find@Recordset15@@QAEJV_bstr_t@@JW4SearchDirectionEnum@@ABV_variant_t@@@Z 1000cd80 f   DBLog.obj
 0001:0000be60       _DllRegisterServer@0       1000ce60 f   DBLog.obj
 0001:0000be70       _DllUnregisterServer@0     1000ce70 f   DBLog.obj
 0001:0000be80       ?GetTypeInfo@?$IDispatchImpl@UITSDatalink@@$1?IID_ITSDatalink@@3U_GUID@@B$1?LIBID_DBLOGLib@@3U3@B$00$0A@VCComTypeInfoHolder@ATL@@@ATL@@UAGJIKPAPAUITypeInfo@@@Z 1000ce80 f i DBLog.obj
 0001:0000bee0       ?GetIDsOfNames@?$IDispatchImpl@UITSDatalink@@$1?IID_ITSDatalink@@3U_GUID@@B$1?LIBID_DBLOGLib@@3U3@B$00$0A@VCComTypeInfoHolder@ATL@@@ATL@@UAGJABU_GUID@@PAPA_WIKPAJ@Z 1000cee0 f i DBLog.obj
 0001:0000bf10       ?Invoke@?$IDispatchImpl@UITSDatalink@@$1?IID_ITSDatalink@@3U_GUID@@B$1?LIBID_DBLOGLib@@3U3@B$00$0A@VCComTypeInfoHolder@ATL@@@ATL@@UAGJJABU_GUID@@KGPAUtagDISPPARAMS@@PAUtagVARIANT@@PAUtagEXCEPINFO@@PAI@Z 1000cf10 f i DBLog.obj
 0001:0000bf70       ??0?$CComObject@VCTSDBLog@@@ATL@@QAE@PAX@Z 1000cf70 f i DBLog.obj
 0001:0000c000       ?GetTypeInfoCount@?$IDispatchImpl@UITSDBLog@@$1?IID_ITSDBLog@@3U_GUID@@B$1?LIBID_DBLOGLib@@3U3@B$00$0A@VCComTypeInfoHolder@ATL@@@ATL@@UAGJPAI@Z 1000d000 f i DBLog.obj
 0001:0000c000       ?GetTypeInfoCount@?$IDispatchImpl@UITSDatalink@@$1?IID_ITSDatalink@@3U_GUID@@B$1?LIBID_DBLOGLib@@3U3@B$00$0A@VCComTypeInfoHolder@ATL@@@ATL@@UAGJPAI@Z 1000d000 f i DBLog.obj
 0001:0000c020       ?QueryInterface@?$CComObject@VCTSDBLog@@@ATL@@UAGJABU_GUID@@PAPAX@Z 1000d020 f i DBLog.obj
 0001:0000c040       ?QueryInterface@?$CComObject@VCTSDBLog@@@ATL@@W3AGJABU_GUID@@PAPAX@Z 1000d040 f i DBLog.obj
 0001:0000c050       ??1?$CComObject@VCTSDBLog@@@ATL@@UAE@XZ 1000d050 f i DBLog.obj
 0001:0000c0f0       ??_G?$CComObject@VCTSDBLog@@@ATL@@UAEPAXI@Z 1000d0f0 f i DBLog.obj
 0001:0000c0f0       ??_E?$CComObject@VCTSDBLog@@@ATL@@UAEPAXI@Z 1000d0f0 f i DBLog.obj
 0001:0000c110       ?GetTypeInfo@?$IDispatchImpl@UITSDBLog@@$1?IID_ITSDBLog@@3U_GUID@@B$1?LIBID_DBLOGLib@@3U3@B$00$0A@VCComTypeInfoHolder@ATL@@@ATL@@UAGJIKPAPAUITypeInfo@@@Z 1000d110 f i DBLog.obj
 0001:0000c170       ?GetIDsOfNames@?$IDispatchImpl@UITSDBLog@@$1?IID_ITSDBLog@@3U_GUID@@B$1?LIBID_DBLOGLib@@3U3@B$00$0A@VCComTypeInfoHolder@ATL@@@ATL@@UAGJABU_GUID@@PAPA_WIKPAJ@Z 1000d170 f i DBLog.obj
 0001:0000c1a0       ?Invoke@?$IDispatchImpl@UITSDBLog@@$1?IID_ITSDBLog@@3U_GUID@@B$1?LIBID_DBLOGLib@@3U3@B$00$0A@VCComTypeInfoHolder@ATL@@@ATL@@UAGJJABU_GUID@@KGPAUtagDISPPARAMS@@PAUtagVARIANT@@PAUtagEXCEPINFO@@PAI@Z 1000d1a0 f i DBLog.obj
 0001:0000c200       ?AddRef@?$CComContainedObject@VCTSDBLog@@@ATL@@UAGKXZ 1000d200 f i DBLog.obj
 0001:0000c200       ?AddRef@?$CComContainedObject@VCTSDatalink@@@ATL@@UAGKXZ 1000d200 f i DBLog.obj
 0001:0000c220       ?Release@?$CComContainedObject@VCTSDBLog@@@ATL@@UAGKXZ 1000d220 f i DBLog.obj
 0001:0000c220       ?Release@?$CComContainedObject@VCTSDatalink@@@ATL@@UAGKXZ 1000d220 f i DBLog.obj
 0001:0000c240       ?QueryInterface@?$CComContainedObject@VCTSDBLog@@@ATL@@UAGJABU_GUID@@PAPAX@Z 1000d240 f i DBLog.obj
 0001:0000c240       ?QueryInterface@?$CComContainedObject@VCTSDatalink@@@ATL@@UAGJABU_GUID@@PAPAX@Z 1000d240 f i DBLog.obj
 0001:0000c260       ?AddRef@?$CComContainedObject@VCTSDatalink@@@ATL@@W3AGKXZ 1000d260 f i DBLog.obj
 0001:0000c260       ?AddRef@?$CComContainedObject@VCTSDBLog@@@ATL@@W3AGKXZ 1000d260 f i DBLog.obj
 0001:0000c270       ?QueryInterface@?$CComContainedObject@VCTSDatalink@@@ATL@@W3AGJABU_GUID@@PAPAX@Z 1000d270 f i DBLog.obj
 0001:0000c270       ?QueryInterface@?$CComContainedObject@VCTSDBLog@@@ATL@@W3AGJABU_GUID@@PAPAX@Z 1000d270 f i DBLog.obj
 0001:0000c280       ?GetLowerBoundsString@ArrayDimensions@TS@@QAE?AV_bstr_t@@XZ 1000d280 f   DBLog.obj
 0001:0000c330       ?GetUpperBoundsString@ArrayDimensions@TS@@QAE?AV_bstr_t@@XZ 1000d330 f   DBLog.obj
 0001:0000c3e0       ?GetTypeName@PropertyObjectType@TS@@QAE?AV_bstr_t@@XZ 1000d3e0 f   DBLog.obj
 0001:0000c490       ?GetDisplayString@PropertyObjectType@TS@@QAE?AV_bstr_t@@XZ 1000d490 f   DBLog.obj
 0001:0000c540       ?GetValNumber@PropertyObject@TS@@QAENV_bstr_t@@J@Z 1000d540 f   DBLog.obj
 0001:0000c610       ?SetValNumber@PropertyObject@TS@@QAEJV_bstr_t@@JN@Z 1000d610 f   DBLog.obj
 0001:0000c6d0       ?GetValBoolean@PropertyObject@TS@@QAEFV_bstr_t@@J@Z 1000d6d0 f   DBLog.obj
 0001:0000c7a0       ?GetValString@PropertyObject@TS@@QAE?AV_bstr_t@@V3@J@Z 1000d7a0 f   DBLog.obj
 0001:0000c8b0       ?SetValString@PropertyObject@TS@@QAEJV_bstr_t@@J0@Z 1000d8b0 f   DBLog.obj
 0001:0000c9d0       ?GetPropertyObject@PropertyObject@TS@@QAE?AV?$_com_ptr_t@V?$_com_IIID@UPropertyObject@TS@@$1?_GUID_8d8769a0_09c0_11d1_93bd_0020af68e893@@3U__s_GUID@@B@@@@V_bstr_t@@J@Z 1000d9d0 f   DBLog.obj
 0001:0000caa0       ?SetPropertyObject@PropertyObject@TS@@QAEJV_bstr_t@@JPAU12@@Z 1000daa0 f   DBLog.obj
 0001:0000cb60       ?GetValVariant@PropertyObject@TS@@QAE?AV_variant_t@@V_bstr_t@@J@Z 1000db60 f   DBLog.obj
 0001:0000cc50       ?SetValVariant@PropertyObject@TS@@QAEJV_bstr_t@@JABV_variant_t@@@Z 1000dc50 f   DBLog.obj
 0001:0000cd30       ?GetValIDispatch@PropertyObject@TS@@QAE?AV?$_com_ptr_t@V?$_com_IIID@UIDispatch@@$1?_GUID_00020400_0000_0000_c000_000000000046@@3U__s_GUID@@B@@@@V_bstr_t@@J@Z 1000dd30 f   DBLog.obj
 0001:0000ce00       ?SetValIDispatch@PropertyObject@TS@@QAEJV_bstr_t@@JPAUIDispatch@@@Z 1000de00 f   DBLog.obj
 0001:0000cec0       ?GetFlags@PropertyObject@TS@@QAEJV_bstr_t@@J@Z 1000dec0 f   DBLog.obj
 0001:0000cf90       ?GetDimensions@PropertyObject@TS@@QAEJV_bstr_t@@JPAPA_W1PAJPAW4PropertyValueTypes@2@@Z 1000df90 f   DBLog.obj
 0001:0000d060       ?GetArrayIndex@PropertyObject@TS@@QAE?AV_bstr_t@@V3@JJ@Z 1000e060 f   DBLog.obj
 0001:0000d170       ?NewSubProperty@PropertyObject@TS@@QAEJV_bstr_t@@W4PropertyValueTypes@2@F0J@Z 1000e170 f   DBLog.obj
 0001:0000d290       ?DeleteSubProperty@PropertyObject@TS@@QAEJV_bstr_t@@J@Z 1000e290 f   DBLog.obj
 0001:0000d350       ?GetNumSubProperties@PropertyObject@TS@@QAEJV_bstr_t@@@Z 1000e350 f   DBLog.obj
 0001:0000d410       ?GetNthSubPropertyName@PropertyObject@TS@@QAE?AV_bstr_t@@V3@JJ@Z 1000e410 f   DBLog.obj
 0001:0000d530       ?Exists@PropertyObject@TS@@QAEFV_bstr_t@@J@Z 1000e530 f   DBLog.obj
 0001:0000d600       ?Clone@PropertyObject@TS@@QAE?AV?$_com_ptr_t@V?$_com_IIID@UPropertyObject@TS@@$1?_GUID_8d8769a0_09c0_11d1_93bd_0020af68e893@@3U__s_GUID@@B@@@@V_bstr_t@@J@Z 1000e600 f   DBLog.obj
 0001:0000d6e0       ?Evaluate@PropertyObject@TS@@QAE?AV?$_com_ptr_t@V?$_com_IIID@UPropertyObject@TS@@$1?_GUID_8d8769a0_09c0_11d1_93bd_0020af68e893@@3U__s_GUID@@B@@@@V_bstr_t@@@Z 1000e6e0 f   DBLog.obj
 0001:0000d7b0       ?EvaluateEx@PropertyObject@TS@@QAE?AV?$_com_ptr_t@V?$_com_IIID@UPropertyObject@TS@@$1?_GUID_8d8769a0_09c0_11d1_93bd_0020af68e893@@3U__s_GUID@@B@@@@V_bstr_t@@J@Z 1000e7b0 f   DBLog.obj
 0001:0000d890       ?GetName@PropertyObject@TS@@QAE?AV_bstr_t@@XZ 1000e890 f   DBLog.obj
 0001:0000d940       ?GetFormattedValue@PropertyObject@TS@@QAE?AV_bstr_t@@V3@J0F0@Z 1000e940 f   DBLog.obj
 0001:0000db00       ?GetNumericFormat@PropertyObject@TS@@QAE?AV_bstr_t@@XZ 1000eb00 f   DBLog.obj
 0001:0000dbb0       ?PutText@Expression@TS@@QAEXV_bstr_t@@@Z 1000ebb0 f   DBLog.obj
 0001:0000dc60       ?FindFile@IEngine@TS@@QAEFV_bstr_t@@PAPA_WPAFW4FindFilePromptOptions@2@W4FindFileSearchListOptions@2@FABV_variant_t@@@Z 1000ec60 f   DBLog.obj
 0001:0000dd60       ?GetResourceString@IEngine@TS@@QAE?AV_bstr_t@@V3@0ABV_variant_t@@PAUtagVARIANT@@@Z 1000ed60 f   DBLog.obj
 0001:0000dee0       ?PostUIMessage@Thread@TS@@QAEJW4UIMessageCodes@2@NV_bstr_t@@F@Z 1000eee0 f   DBLog.obj
 0001:0000dfb0       ?CreateInstance@?$CComCreator@V?$CComObject@VCTSDBLog@@@ATL@@@ATL@@SGJPAXABU_GUID@@PAPAX@Z 1000efb0 f i DBLog.obj
 0001:0000e0e0       ??0?$CComAggObject@VCTSDBLog@@@ATL@@QAE@PAX@Z 1000f0e0 f i DBLog.obj
 0001:0000e1a0       ?QueryInterface@?$CComAggObject@VCTSDBLog@@@ATL@@UAGJABU_GUID@@PAPAX@Z 1000f1a0 f i DBLog.obj
 0001:0000e210       ??1?$CComAggObject@VCTSDBLog@@@ATL@@UAE@XZ 1000f210 f i DBLog.obj
 0001:0000e2c0       ??_E?$CComAggObject@VCTSDBLog@@@ATL@@UAEPAXI@Z 1000f2c0 f i DBLog.obj
 0001:0000e2c0       ??_G?$CComAggObject@VCTSDBLog@@@ATL@@UAEPAXI@Z 1000f2c0 f i DBLog.obj
 0001:0000e2e0       ?CreateInstance@?$CComCreator@V?$CComAggObject@VCTSDBLog@@@ATL@@@ATL@@SGJPAXABU_GUID@@PAPAX@Z 1000f2e0 f i DBLog.obj
 0001:0000e3e0       ?CreateInstance@?$CComCreator2@V?$CComCreator@V?$CComObject@VCTSDBLog@@@ATL@@@ATL@@V?$CComCreator@V?$CComAggObject@VCTSDBLog@@@ATL@@@2@@ATL@@SGJPAXABU_GUID@@PAPAX@Z 1000f3e0 f i DBLog.obj
 0001:0000e400       ??1CCritSectLock@@QAE@XZ   1000f400 f i DBLogUtil.obj
 0001:0000e420       ?GetContext@LoggingInfo@@QAEAAV?$_com_ptr_t@V?$_com_IIID@USequenceContext@TS@@$1?_GUID_6427d0e0_e410_11d0_93b4_0020af68e893@@3U__s_GUID@@B@@@@XZ 1000f420 f   DBLogUtil.obj
 0001:0000e430       ?LoggingNewStep@LoggingInfo@@QAEXXZ 1000f430 f   DBLogUtil.obj
 0001:0000e440       ?CreatingStubStepResult@LoggingInfo@@QAEX_N@Z 1000f440 f   DBLogUtil.obj
 0001:0000e450       ?GetLastTerminationStatus@LoggingInfo@@QAE_NXZ 1000f450 f   DBLogUtil.obj
 0001:0000e460       ??$_CompareUnknown@PAUPropertyObject@TS@@@?$_com_ptr_t@V?$_com_IIID@UPropertyObject@TS@@$1?_GUID_8d8769a0_09c0_11d1_93bd_0020af68e893@@3U__s_GUID@@B@@@@ABEHPAUPropertyObject@TS@@@Z 1000f460 f i DBLogUtil.obj
 0001:0000e500       ?GetTerminationMonitorStatus@LoggingInfo@@QAE_NXZ 1000f500 f   DBLogUtil.obj
 0001:0000e5c0       ??$_QueryInterface@V?$_com_ptr_t@V?$_com_IIID@USequenceContext@TS@@$1?_GUID_6427d0e0_e410_11d0_93b4_0020af68e893@@3U__s_GUID@@B@@@@@?$_com_ptr_t@V?$_com_IIID@UPropertyObject@TS@@$1?_GUID_8d8769a0_09c0_11d1_93bd_0020af68e893@@3U__s_GUID@@B@@@@AAEJV?$_com_ptr_t@V?$_com_IIID@USequenceContext@TS@@$1?_GUID_6427d0e0_e410_11d0_93b4_0020af68e893@@3U__s_GUID@@B@@@@@Z 1000f5c0 f i DBLogUtil.obj
 0001:0000e680       ?InitTerminationMonitor@LoggingInfo@@QAEXXZ 1000f680 f   DBLogUtil.obj
 0001:0000e760       ??$?0V?$_com_IIID@USequenceContext@TS@@$1?_GUID_6427d0e0_e410_11d0_93b4_0020af68e893@@3U__s_GUID@@B@@@?$_com_ptr_t@V?$_com_IIID@UPropertyObject@TS@@$1?_GUID_8d8769a0_09c0_11d1_93bd_0020af68e893@@3U__s_GUID@@B@@@@QAE@ABV?$_com_ptr_t@V?$_com_IIID@USequenceContext@TS@@$1?_GUID_6427d0e0_e410_11d0_93b4_0020af68e893@@3U__s_GUID@@B@@@@@Z 1000f760 f i DBLogUtil.obj
 0001:0000e7e0       ?Attach@_bstr_t@@QAEXPA_W@Z 1000f7e0 f i DBLogUtil.obj
 0001:0000e8a0       ?Clear@LoggingInfo@@QAEXXZ 1000f8a0 f   DBLogUtil.obj
 0001:0000ea90       ?Initialize@LoggingInfo@@QAEXAAV?$_com_ptr_t@V?$_com_IIID@USequenceContext@TS@@$1?_GUID_6427d0e0_e410_11d0_93b4_0020af68e893@@3U__s_GUID@@B@@@@W4LoggingInfoTypes@1@_NAA_N2@Z 1000fa90 f   DBLogUtil.obj
 0001:0000f330       ??1LoggingInfo@@QAE@XZ     10010330 f   DBLogUtil.obj
 0001:0000f610       ?SetUUT@LoggingInfo@@QAEXAAV?$_com_ptr_t@V?$_com_IIID@UPropertyObject@TS@@$1?_GUID_8d8769a0_09c0_11d1_93bd_0020af68e893@@3U__s_GUID@@B@@@@@Z 10010610 f   DBLogUtil.obj
 0001:0000f6d0       ?SetDBOptions@LoggingInfo@@QAEXAAV?$_com_ptr_t@V?$_com_IIID@UPropertyObject@TS@@$1?_GUID_8d8769a0_09c0_11d1_93bd_0020af68e893@@3U__s_GUID@@B@@@@@Z 100106d0 f   DBLogUtil.obj
 0001:0000f800       ?GetDBOptionResultFilter@LoggingInfo@@QAE_NXZ 10010800 f   DBLogUtil.obj
 0001:0000fa20       ?GetDBOptionShowProgress@LoggingInfo@@QAE_NXZ 10010a20 f   DBLogUtil.obj
 0001:0000fb30       ?GetDBOptionIncludeAdditionalResults@LoggingInfo@@QAE_NXZ 10010b30 f   DBLogUtil.obj
 0001:0000fc40       ?GetDBOptionIncludeMeasurements@LoggingInfo@@QAE_NXZ 10010c40 f   DBLogUtil.obj
 0001:0000fd50       ?GetDBOptionIncludeLimits@LoggingInfo@@QAE_NXZ 10010d50 f   DBLogUtil.obj
 0001:0000fe60       ?SetStartTime@LoggingInfo@@QAEXAAV?$_com_ptr_t@V?$_com_IIID@UPropertyObject@TS@@$1?_GUID_8d8769a0_09c0_11d1_93bd_0020af68e893@@3U__s_GUID@@B@@@@@Z 10010e60 f   DBLogUtil.obj
 0001:0000ff20       ?SetStartDate@LoggingInfo@@QAEXAAV?$_com_ptr_t@V?$_com_IIID@UPropertyObject@TS@@$1?_GUID_8d8769a0_09c0_11d1_93bd_0020af68e893@@3U__s_GUID@@B@@@@@Z 10010f20 f   DBLogUtil.obj
 0001:0000ffe0       ?SetStationInfo@LoggingInfo@@QAEXAAV?$_com_ptr_t@V?$_com_IIID@UPropertyObject@TS@@$1?_GUID_8d8769a0_09c0_11d1_93bd_0020af68e893@@3U__s_GUID@@B@@@@@Z 10010fe0 f   DBLogUtil.obj
 0001:000100a0       ?GetExecutionOrder@LoggingInfo@@QAEHXZ 100110a0 f   DBLogUtil.obj
 0001:00010230       ?SetExecutionOrder@LoggingInfo@@QAEXH@Z 10011230 f   DBLogUtil.obj
 0001:00010380       ?GetRootExecutionOrder@LoggingInfo@@QAEHXZ 10011380 f   DBLogUtil.obj
 0001:00010580       ?SetRootExecutionOrder@LoggingInfo@@QAEXH@Z 10011580 f   DBLogUtil.obj
 0001:00010740       ?SetUUTResult@LoggingInfo@@QAEXAAV?$_com_ptr_t@V?$_com_IIID@UPropertyObject@TS@@$1?_GUID_8d8769a0_09c0_11d1_93bd_0020af68e893@@3U__s_GUID@@B@@@@@Z 10011740 f   DBLogUtil.obj
 0001:00010800       ?GetStepResult@LoggingInfo@@QAEAAV?$_com_ptr_t@V?$_com_IIID@UPropertyObject@TS@@$1?_GUID_8d8769a0_09c0_11d1_93bd_0020af68e893@@3U__s_GUID@@B@@@@XZ 10011800 f   DBLogUtil.obj
 0001:000108d0       ?SetStepResult@LoggingInfo@@QAEXV?$_com_ptr_t@V?$_com_IIID@UPropertyObject@TS@@$1?_GUID_8d8769a0_09c0_11d1_93bd_0020af68e893@@3U__s_GUID@@B@@@@@Z 100118d0 f   DBLogUtil.obj
 0001:00010a00       ?GetPropData@LoggingInfo@@QAEAAV?$_com_ptr_t@V?$_com_IIID@UPropertyObject@TS@@$1?_GUID_8d8769a0_09c0_11d1_93bd_0020af68e893@@3U__s_GUID@@B@@@@XZ 10011a00 f   DBLogUtil.obj
 0001:00010ad0       ?GetPropPath@LoggingInfo@@QAE?AV_bstr_t@@XZ 10011ad0 f   DBLogUtil.obj
 0001:00010d30       ?SetPropPath@LoggingInfo@@QAEXV_bstr_t@@@Z 10011d30 f   DBLogUtil.obj
 0001:00010f30       ?SetPropCategory@LoggingInfo@@QAEXW4PropertyCategory@@@Z 10011f30 f   DBLogUtil.obj
 0001:000110a0       ?SetPropertyOrder@LoggingInfo@@QAEXH@Z 100120a0 f   DBLogUtil.obj
 0001:00011210       ?ResetPropertyOrder@LoggingInfo@@QAEXXZ 10012210 f   DBLogUtil.obj
 0001:00011220       ?IncPropertyOrder@LoggingInfo@@QAEXXZ 10012220 f   DBLogUtil.obj
 0001:00011230       ?GetTSDBLogResString@@YA?AV_bstr_t@@V?$_com_ptr_t@V?$_com_IIID@UIEngine@TS@@$1?_GUID_b2794ef5_c0b6_11d0_939c_0020af68e893@@3U__s_GUID@@B@@@@PBD@Z 10012230 f   DBLogUtil.obj
 0001:000113a0       ?PrefixTSDBLogErrorString@@YA?AV_bstr_t@@V?$_com_ptr_t@V?$_com_IIID@UIEngine@TS@@$1?_GUID_b2794ef5_c0b6_11d0_939c_0020af68e893@@3U__s_GUID@@B@@@@V1@H@Z 100123a0 f   DBLogUtil.obj
 0001:00011760       ?SetErrorInfoForException@@YAJABU_GUID@@JPBD1@Z 10012760 f   DBLogUtil.obj
 0001:00011990       ?GetTextForAdoErrors@@YA?AV_bstr_t@@V?$_com_ptr_t@V?$_com_IIID@U_Connection@@$1?_GUID_00001550_0000_0010_8000_00aa006d2ea4@@3U__s_GUID@@B@@@@V1@@Z 10012990 f   DBLogUtil.obj
 0001:000125b0       ??0LoggingInfo@@QAE@AAV?$_com_ptr_t@V?$_com_IIID@USequenceContext@TS@@$1?_GUID_6427d0e0_e410_11d0_93b4_0020af68e893@@3U__s_GUID@@B@@@@_N@Z 100135b0 f   DBLogUtil.obj
 0001:000126d0       ??0LoggingInfo@@QAE@AAV?$_com_ptr_t@V?$_com_IIID@USequenceContext@TS@@$1?_GUID_6427d0e0_e410_11d0_93b4_0020af68e893@@3U__s_GUID@@B@@@@W4LoggingInfoTypes@0@_NAA_N2@Z 100136d0 f   DBLogUtil.obj
 0001:000127f0       ?IncExecutionOrder@LoggingInfo@@QAEXXZ 100137f0 f   DBLogUtil.obj
 0001:000128b0       ?SetResultProperty@LoggingInfo@@QAEXV?$_com_ptr_t@V?$_com_IIID@UPropertyObject@TS@@$1?_GUID_8d8769a0_09c0_11d1_93bd_0020af68e893@@3U__s_GUID@@B@@@@@Z 100138b0 f   DBLogUtil.obj
 0001:000131f0       ?ClearPropertyInfo@LoggingInfo@@QAEXXZ 100141f0 f   DBLogUtil.obj
 0001:00015120       ?FormatToVariant@@YAHKPAD0AAV_variant_t@@@Z 10016120 f   format.obj
 0001:000159e0       ??0CMutex@@QAE@XZ          100169e0 f   Mutex.obj
 0001:000159f0       ??1CMutex@@QAE@XZ          100169f0 f   Mutex.obj
 0001:00015cb0       ?Initialize@CMutex@@QAEXV_bstr_t@@_NAAUIDispatch@@AAV2@PAJ@Z 10016cb0 f   Mutex.obj
 0001:00015fb0       ?GetStatus@ADOLoggingObject@@UAEHAAV_bstr_t@@@Z 10016fb0 f i Statement.obj
 0001:00015fc0       ?Release@?$_com_ptr_t@V?$_com_IIID@UIUnknown@@$1?_GUID_00000000_0000_0000_c000_000000000046@@3U__s_GUID@@B@@@@QAEXXZ 10016fc0 f i TSDBLog.obj
 0001:00015fc0       ?Release@?$_com_ptr_t@V?$_com_IIID@UCommand25@@$1?_GUID_0000154e_0000_0010_8000_00aa006d2ea4@@3U__s_GUID@@B@@@@QAEXXZ 10016fc0 f i Statement.obj
 0001:00015ff0       ?GetTail@?$CList@PAVCKeyItem@@PAV1@@@QAEAAPAVCKeyItem@@XZ 10016ff0 f i Statement.obj
 0001:00016000       ?GetHead@?$CList@PAVCDbColumn@@PAV1@@@QAEAAPAVCDbColumn@@XZ 10017000 f i Statement.obj
 0001:00016010       ?GetLastKeyListFromId@Statement@@QAEPAVCLastKeyList@@J@Z 10017010 f   Statement.obj
 0001:00016040       ?Commit@Statement@@QAEXXZ  10017040 f   Statement.obj
 0001:00016070       ?Close@Statement@@QAEXXZ   10017070 f   Statement.obj
 0001:000160f0       ??0?$_com_ptr_t@V?$_com_IIID@U_Recordset@@$1?_GUID_00001556_0000_0010_8000_00aa006d2ea4@@3U__s_GUID@@B@@@@QAE@ABV0@@Z 100170f0 f i Statement.obj
 0001:000160f0       ??0?$_com_ptr_t@V?$_com_IIID@U_Connection@@$1?_GUID_00001550_0000_0010_8000_00aa006d2ea4@@3U__s_GUID@@B@@@@QAE@ABV0@@Z 100170f0 f i Columns.obj
 0001:00016110       ?RemoveTail@?$CList@PAVCKeyItem@@PAV1@@@QAEPAVCKeyItem@@XZ 10017110 f i Statement.obj
 0001:00016180       ??1?$CList@PAVCKeyItem@@PAV1@@@UAE@XZ 10017180 f i Statement.obj
 0001:000161c0       ?RemoveAt@?$CList@PAVCLastKeyList@@PAV1@@@QAEXPAU__POSITION@@@Z 100171c0 f i Statement.obj
 0001:00016230       ??1?$CList@PAVCLastKeyList@@PAV1@@@UAE@XZ 10017230 f i Statement.obj
 0001:00016270       ??1?$CList@PAVCDbColumn@@PAV1@@@UAE@XZ 10017270 f i Statement.obj
 0001:000162b0       ??0?$CList@V?$CStringT@DV?$StrTraitMFC_DLL@DV?$ChTraitsCRT@D@ATL@@@@@ATL@@AAV12@@@QAE@H@Z 100172b0 f i Statement.obj
 0001:000162e0       ??_E?$CList@PAVCKeyItem@@PAV1@@@UAEPAXI@Z 100172e0 f i Statement.obj
 0001:000162e0       ??_G?$CList@PAVCKeyItem@@PAV1@@@UAEPAXI@Z 100172e0 f i Statement.obj
 0001:00016330       ??_G?$CList@PAVCLastKeyList@@PAV1@@@UAEPAXI@Z 10017330 f i Statement.obj
 0001:00016330       ??_E?$CList@PAVCLastKeyList@@PAV1@@@UAEPAXI@Z 10017330 f i Statement.obj
 0001:00016380       ??_G?$CList@PAVCDbColumn@@PAV1@@@UAEPAXI@Z 10017380 f i Statement.obj
 0001:00016380       ??_E?$CList@PAVCDbColumn@@PAV1@@@UAEPAXI@Z 10017380 f i Statement.obj
 0001:000163d0       ?NewNode@?$CList@PAVCKeyItem@@PAV1@@@IAEPAUCNode@1@PAU21@0@Z 100173d0 f i Statement.obj
 0001:000163d0       ?NewNode@?$CList@PAVCDbColumn@@PAV1@@@IAEPAUCNode@1@PAU21@0@Z 100173d0 f i Statement.obj
 0001:000163d0       ?NewNode@?$CList@PAVStatement@@PAV1@@@IAEPAUCNode@1@PAU21@0@Z 100173d0 f i TSDatalink.obj
 0001:000163d0       ?NewNode@?$CList@PAVCLastKeyList@@PAV1@@@IAEPAUCNode@1@PAU21@0@Z 100173d0 f i Statement.obj
 0001:00016430       ?NewNode@?$CList@V?$CStringT@DV?$StrTraitMFC_DLL@DV?$ChTraitsCRT@D@ATL@@@@@ATL@@AAV12@@@IAEPAUCNode@1@PAU21@0@Z 10017430 f i Statement.obj
 0001:000164a0       ??1ADOLoggingObject_Recordset@@QAE@XZ 100174a0 f i Statement.obj
 0001:000164a0       ??1ADOLoggingObject_Command@@QAE@XZ 100174a0 f i Statement.obj
 0001:000164e0       ?GetLastKeyList@Statement@@QAEPAVCLastKeyList@@AAVLoggingInfo@@@Z 100174e0 f   Statement.obj
 0001:000165d0       ?GetKeyValueForDepth@Statement@@QAE?AV_variant_t@@AAVLoggingInfo@@H@Z 100175d0 f   Statement.obj
 0001:000166b0       ?GetLastKeyItem@Statement@@QAEPAVCKeyItem@@AAVLoggingInfo@@@Z 100176b0 f   Statement.obj
 0001:00016760       ?AddTail@?$CList@V?$CStringT@DV?$StrTraitMFC_DLL@DV?$ChTraitsCRT@D@ATL@@@@@ATL@@AAV12@@@QAEPAU__POSITION@@AAV?$CStringT@DV?$StrTraitMFC_DLL@DV?$ChTraitsCRT@D@ATL@@@@@ATL@@@Z 10017760 f i Statement.obj
 0001:000167a0       ??1?$CList@V?$CStringT@DV?$StrTraitMFC_DLL@DV?$ChTraitsCRT@D@ATL@@@@@ATL@@AAV12@@@UAE@XZ 100177a0 f i Statement.obj
 0001:000167e0       ?Serialize@?$CList@V?$CStringT@DV?$StrTraitMFC_DLL@DV?$ChTraitsCRT@D@ATL@@@@@ATL@@AAV12@@@UAEXAAVCArchive@@@Z 100177e0 f i Statement.obj
 0001:00016960       ??_E?$CList@V?$CStringT@DV?$StrTraitMFC_DLL@DV?$ChTraitsCRT@D@ATL@@@@@ATL@@AAV12@@@UAEPAXI@Z 10017960 f i Statement.obj
 0001:00016960       ??_G?$CList@V?$CStringT@DV?$StrTraitMFC_DLL@DV?$ChTraitsCRT@D@ATL@@@@@ATL@@AAV12@@@UAEPAXI@Z 10017960 f i Statement.obj
 0001:000169c0       ??0ADOLoggingObject_Command@@QAE@V?$_com_ptr_t@V?$_com_IIID@UCommand25@@$1?_GUID_0000154e_0000_0010_8000_00aa006d2ea4@@3U__s_GUID@@B@@@@@Z 100179c0 f i Statement.obj
 0001:00016a50       ?AppendChunk@ADOLoggingObject_Command@@UAEJAAV_bstr_t@@AAV_variant_t@@@Z 10017a50 f i Statement.obj
 0001:00016b70       ?AppendChunk@ADOLoggingObject_Command@@UAEJAAV_bstr_t@@0@Z 10017b70 f i Statement.obj
 0001:00016ce0       ?Assign@ADOLoggingObject_Command@@UAEXAAV_bstr_t@@AAV_variant_t@@@Z 10017ce0 f i Statement.obj
 0001:00016e00       ?Assign@ADOLoggingObject_Command@@UAEXAAV_bstr_t@@0@Z 10017e00 f i Statement.obj
 0001:00016f70       ??0ADOLoggingObject_Recordset@@QAE@V?$_com_ptr_t@V?$_com_IIID@U_Recordset@@$1?_GUID_00001556_0000_0010_8000_00aa006d2ea4@@3U__s_GUID@@B@@@@@Z 10017f70 f i Statement.obj
 0001:00017000       ?IsCommand@ADOLoggingObject_Command@@UAE_NXZ 10018000 f i Statement.obj
 0001:00017000       ?IsRecordSet@ADOLoggingObject_Recordset@@UAE_NXZ 10018000 f i Statement.obj
 0001:00017010       ?IsCommand@ADOLoggingObject_Recordset@@UAE_NXZ 10018010 f i Statement.obj
 0001:00017010       ?IsRecordSet@ADOLoggingObject_Command@@UAE_NXZ 10018010 f i Statement.obj
 0001:00017020       ?AppendChunk@ADOLoggingObject_Recordset@@UAEJAAV_bstr_t@@AAV_variant_t@@@Z 10018020 f i Statement.obj
 0001:00017140       ?AppendChunk@ADOLoggingObject_Recordset@@UAEJAAV_bstr_t@@0@Z 10018140 f i Statement.obj
 0001:000172b0       ?Assign@ADOLoggingObject_Recordset@@UAEXAAV_bstr_t@@AAV_variant_t@@@Z 100182b0 f i Statement.obj
 0001:000173d0       ?Assign@ADOLoggingObject_Recordset@@UAEXAAV_bstr_t@@0@Z 100183d0 f i Statement.obj
 0001:00017540       ?GetStatus@ADOLoggingObject_Recordset@@UAEHAAV_bstr_t@@@Z 10018540 f i Statement.obj
 0001:00017660       ??1CLastKeyList@@QAE@XZ    10018660 f i Statement.obj
 0001:00017760       ?GetLastKeyValue@Statement@@QAE?AV_variant_t@@AAVLoggingInfo@@@Z 10018760 f   Statement.obj
 0001:00017810       ?PushKeyValue@Statement@@QAEXAAVLoggingInfo@@V_variant_t@@@Z 10018810 f   Statement.obj
 0001:00017a50       ?PopKeyValue@Statement@@QAEXAAVLoggingInfo@@_N@Z 10018a50 f   Statement.obj
 0001:00017bf0       ??H_bstr_t@@QBE?AV0@ABV0@@Z 10018bf0 f i Statement.obj
 0001:00017c60       ??H@YA?AV_bstr_t@@PBDABV0@@Z 10018c60 f i Statement.obj
 0001:00017d00       ?GetForeignKeyName@CDbColumn@@QAE?AV_bstr_t@@XZ 10018d00 f i Statement.obj
 0001:00017d60       ?InitForeignKeyInformation@Statement@@QAEXAAV?$_com_ptr_t@V?$_com_IIID@USequenceContext@TS@@$1?_GUID_6427d0e0_e410_11d0_93b4_0020af68e893@@3U__s_GUID@@B@@@@@Z 10018d60 f   Statement.obj
 0001:00018300       ?CreateOnTheFlyCommands@Statement@@QAEXXZ 10019300 f   Statement.obj
 0001:00019090       ?Open@Statement@@QAEXAAV?$_com_ptr_t@V?$_com_IIID@USequenceContext@TS@@$1?_GUID_6427d0e0_e410_11d0_93b4_0020af68e893@@3U__s_GUID@@B@@@@V?$_com_ptr_t@V?$_com_IIID@U_Connection@@$1?_GUID_00001550_0000_0010_8000_00aa006d2ea4@@3U__s_GUID@@B@@@@@Z 1001a090 f   Statement.obj
 0001:000199b0       ?GetIntrinsicTypeName@Statement@@QAE?AV_bstr_t@@W4PropertyValueTypes@TS@@@Z 1001a9b0 f   Statement.obj
 0001:00019a50       ?WillLog@Statement@@QAE_NAAVLoggingInfo@@@Z 1001aa50 f   Statement.obj
 0001:0001a090       ?Execute@Statement@@QAEXAAVLoggingInfo@@AAJW4eProcessType@1@@Z 1001b090 f   Statement.obj
 0001:0001b500       ?CreateParentStubs@Statement@@QAEXAAVLoggingInfo@@@Z 1001c500 f   Statement.obj
 0001:0001b7b0       ?ExecuteForOnTheFly@Statement@@QAEXAAVLoggingInfo@@AAJ@Z 1001c7b0 f   Statement.obj
 0001:0001b8d0       ??1Statement@@QAE@XZ       1001c8d0 f   Statement.obj
 0001:0001bf00       ??0Statement@@QAE@AAV?$_com_ptr_t@V?$_com_IIID@USequenceContext@TS@@$1?_GUID_6427d0e0_e410_11d0_93b4_0020af68e893@@3U__s_GUID@@B@@@@AAV?$_com_ptr_t@V?$_com_IIID@UPropertyObject@TS@@$1?_GUID_8d8769a0_09c0_11d1_93bd_0020af68e893@@3U__s_GUID@@B@@@@PAVCTSDatalink@@@Z 1001cf00 f   Statement.obj
 0001:0001c8a0       ?CanProcess@PropertyInfo@@QAE_NJ@Z 1001d8a0 f i TSDatalink.obj
 0001:0001c8e0       ?InterfaceSupportsErrorInfo@CTSDatalink@@UAGJABU_GUID@@@Z 1001d8e0 f   TSDatalink.obj
 0001:0001c930       ?ResetTraversingOptions@CTSDatalink@@AAEJAAVLoggingInfo@@J@Z 1001d930 f   TSDatalink.obj
 0001:0001c950       ?RemoveAll@?$CList@PAVStatement@@PAV1@@@QAEXXZ 1001d950 f i TSDatalink.obj
 0001:0001c980       ?ProcessStatements@CTSDatalink@@AAEXAAVLoggingInfo@@_NAAV?$CList@PAVStatement@@PAV1@@@AAJ@Z 1001d980 f   TSDatalink.obj
 0001:0001c9d0       ?PopStatementKeyValues@CTSDatalink@@AAEXAAVLoggingInfo@@AAV?$CList@PAVStatement@@PAV1@@@_N@Z 1001d9d0 f   TSDatalink.obj
 0001:0001ca00       ?CommitBatchStatement@CTSDatalink@@AAEXAAV?$CList@PAVStatement@@PAV1@@@@Z 1001da00 f   TSDatalink.obj
 0001:0001ca30       ?BeginTransaction@CTSDatalink@@AAEXXZ 1001da30 f   TSDatalink.obj
 0001:0001ca50       ?CloseAllStatements@CTSDatalink@@AAEXXZ 1001da50 f   TSDatalink.obj
 0001:0001caa0       ??1?$CList@PAVStatement@@PAV1@@@UAE@XZ 1001daa0 f i TSDatalink.obj
 0001:0001cae0       ??_G?$CList@PAVStatement@@PAV1@@@UAEPAXI@Z 1001dae0 f i TSDatalink.obj
 0001:0001cae0       ??_E?$CList@PAVStatement@@PAV1@@@UAEPAXI@Z 1001dae0 f i TSDatalink.obj
 0001:0001cb30       ?clearStatements@CTSDatalink@@AAEXAAV?$CList@PAVStatement@@PAV1@@@@Z 1001db30 f   TSDatalink.obj
 0001:0001cbc0       ?RollbackTransaction@CTSDatalink@@AAEXXZ 1001dbc0 f   TSDatalink.obj
 0001:0001cbf0       ?CommitTransaction@CTSDatalink@@AAEXXZ 1001dbf0 f   TSDatalink.obj
 0001:0001cc20       ?CreateInstance@?$_com_ptr_t@V?$_com_IIID@U_Connection@@$1?_GUID_00001550_0000_0010_8000_00aa006d2ea4@@3U__s_GUID@@B@@@@QAEJABU_GUID@@PAUIUnknown@@K@Z 1001dc20 f i TSDatalink.obj
 0001:0001ccc0       ?AddTail@?$CList@PAVCDbColumn@@PAV1@@@QAEPAU__POSITION@@PAVCDbColumn@@@Z 1001dcc0 f i Statement.obj
 0001:0001ccc0       ?AddTail@?$CList@PAVStatement@@PAV1@@@QAEPAU__POSITION@@PAVStatement@@@Z 1001dcc0 f i TSDatalink.obj
 0001:0001ccf0       ?Serialize@?$CList@PAVCKeyItem@@PAV1@@@UAEXAAVCArchive@@@Z 1001dcf0 f i Statement.obj
 0001:0001ccf0       ?Serialize@?$CList@PAVCLastKeyList@@PAV1@@@UAEXAAVCArchive@@@Z 1001dcf0 f i Statement.obj
 0001:0001ccf0       ?Serialize@?$CList@PAVStatement@@PAV1@@@UAEXAAVCArchive@@@Z 1001dcf0 f i TSDatalink.obj
 0001:0001ccf0       ?Serialize@?$CList@PAVCDbColumn@@PAV1@@@UAEXAAVCArchive@@@Z 1001dcf0 f i Statement.obj
 0001:0001cf00       ??$_QueryInterface@PAUIDispatch@@@?$_com_ptr_t@V?$_com_IIID@UPropertyObject@TS@@$1?_GUID_8d8769a0_09c0_11d1_93bd_0020af68e893@@3U__s_GUID@@B@@@@AAEJPAUIDispatch@@@Z 1001df00 f i TSDatalink.obj
 0001:0001cf70       ??$?0UIDispatch@@@?$_com_ptr_t@V?$_com_IIID@UPropertyObject@TS@@$1?_GUID_8d8769a0_09c0_11d1_93bd_0020af68e893@@3U__s_GUID@@B@@@@QAE@PAUIDispatch@@@Z 1001df70 f i TSDatalink.obj
 0001:0001cfa0       ?NewUUT@CTSDatalink@@UAGJPAUIDispatch@@00000@Z 1001dfa0 f   TSDatalink.obj
 0001:0001d3b0       ??0PropertyInfo@@QAE@AAV?$_com_ptr_t@V?$_com_IIID@UPropertyObject@TS@@$1?_GUID_8d8769a0_09c0_11d1_93bd_0020af68e893@@3U__s_GUID@@B@@@@@Z 1001e3b0 f i TSDatalink.obj
 0001:0001d450       ??0PropertyInfo@@QAE@AAV0@AAV?$_com_ptr_t@V?$_com_IIID@UPropertyObject@TS@@$1?_GUID_8d8769a0_09c0_11d1_93bd_0020af68e893@@3U__s_GUID@@B@@@@V_bstr_t@@@Z 1001e450 f i TSDatalink.obj
 0001:0001d860       ?UpdateLoggingInfo@PropertyInfo@@QAEXAAVLoggingInfo@@@Z 1001e860 f i TSDatalink.obj
 0001:0001d910       ??1CTSDatalink@@QAE@XZ     1001e910 f   TSDatalink.obj
 0001:0001db10       ?SetRuntimeBooleans@CTSDatalink@@UAGJPAUIDispatch@@0@Z 1001eb10 f   TSDatalink.obj
 0001:0001e070       ??1PropertyInfo@@QAE@XZ    1001f070 f i TSDatalink.obj
 0001:0001e110       ?GetDateDataType@CTSDatalink@@QAE?AW4DataTypeEnum@@XZ 1001f110 f   TSDatalink.obj
 0001:0001e210       ?LogUUTResult@CTSDatalink@@UAGJPAUIDispatch@@0@Z 1001f210 f   TSDatalink.obj
 0001:0001e410       ?Initialize@CTSDatalink@@UAGJPAUIDispatch@@0@Z 1001f410 f   TSDatalink.obj
 0001:0001ee20       ?RecursePropertyResults@CTSDatalink@@AAEXAAVLoggingInfo@@AAVPropertyInfo@@J@Z 1001fe20 f   TSDatalink.obj
 0001:0001f410       ?LogOneResult@CTSDatalink@@UAGJPAUIDispatch@@0@Z 10020410 f   TSDatalink.obj
 0001:0001f7f0       ??0CTSDatalink@@QAE@XZ     100207f0 f   TSDatalink.obj
 0001:0001f9d0       ?RecurseResultsTree@CTSDatalink@@AAEXAAVLoggingInfo@@H@Z 100209d0 f   TSDatalink.obj
 0001:0001ff00       ?LogResults@CTSDatalink@@UAGJPAUIDispatch@@0@Z 10020f00 f   TSDatalink.obj
 0001:000206e0       ?InterfaceSupportsErrorInfo@CTSDBLog@@UAGJABU_GUID@@@Z 100216e0 f   TSDBLog.obj
 0001:000207a0       ??C?$_com_ptr_t@V?$_com_IIID@USequenceContext@TS@@$1?_GUID_6427d0e0_e410_11d0_93b4_0020af68e893@@3U__s_GUID@@B@@@@QBEPAUSequenceContext@TS@@XZ 100217a0 f i Columns.obj
 0001:000207a0       ??C?$_com_ptr_t@V?$_com_IIID@UExpression@TS@@$1?_GUID_e7495e94_98e0_4d89_bfea_3f850f0a0399@@3U__s_GUID@@B@@@@QBEPAUExpression@TS@@XZ 100217a0 f i Columns.obj
 0001:000207a0       ??C?$_com_ptr_t@V?$_com_IIID@UExecution@TS@@$1?_GUID_7dc7e990_18dc_11d1_93be_0020af68e893@@3U__s_GUID@@B@@@@QBEPAUExecution@TS@@XZ 100217a0 f i DBLogUtil.obj
 0001:000207a0       ??C?$_com_ptr_t@V?$_com_IIID@UCommand25@@$1?_GUID_0000154e_0000_0010_8000_00aa006d2ea4@@3U__s_GUID@@B@@@@QBEPAUCommand25@@XZ 100217a0 f i Columns.obj
 0001:000207a0       ??C?$_com_ptr_t@V?$_com_IIID@U_Parameter@@$1?_GUID_0000150c_0000_0010_8000_00aa006d2ea4@@3U__s_GUID@@B@@@@QBEPAU_Parameter@@XZ 100217a0 f i Columns.obj
 0001:000207a0       ??C?$_com_ptr_t@V?$_com_IIID@UThread@TS@@$1?_GUID_6ad5e6e0_5c69_11d1_93c6_0020af68e893@@3U__s_GUID@@B@@@@QBEPAUThread@TS@@XZ 100217a0 f i DBLogUtil.obj
 0001:000207a0       ??C?$_com_ptr_t@V?$_com_IIID@U_Recordset@@$1?_GUID_00001556_0000_0010_8000_00aa006d2ea4@@3U__s_GUID@@B@@@@QBEPAU_Recordset@@XZ 100217a0 f i Columns.obj
 0001:000207a0       ??C?$_com_ptr_t@V?$_com_IIID@UITSDatalink@@$1?_GUID_9d6338d0_57fb_11d4_8105_0090276f59e1@@3U__s_GUID@@B@@@@QBEPAUITSDatalink@@XZ 100217a0 f i TSDBLog.obj
 0001:000207a0       ??C?$_com_ptr_t@V?$_com_IIID@UPropertyObject@TS@@$1?_GUID_8d8769a0_09c0_11d1_93bd_0020af68e893@@3U__s_GUID@@B@@@@QBEPAUPropertyObject@TS@@XZ 100217a0 f i Columns.obj
 0001:000207a0       ??C?$_com_ptr_t@V?$_com_IIID@UIEngine@TS@@$1?_GUID_b2794ef5_c0b6_11d0_939c_0020af68e893@@3U__s_GUID@@B@@@@QBEPAUIEngine@TS@@XZ 100217a0 f i Columns.obj
 0001:000207a0       ??C?$_com_ptr_t@V?$_com_IIID@UFields@@$1?_GUID_00001564_0000_0010_8000_00aa006d2ea4@@3U__s_GUID@@B@@@@QBEPAUFields@@XZ 100217a0 f i Columns.obj
 0001:000207a0       ??C?$_com_ptr_t@V?$_com_IIID@U_Connection@@$1?_GUID_00001550_0000_0010_8000_00aa006d2ea4@@3U__s_GUID@@B@@@@QBEPAU_Connection@@XZ 100217a0 f i DBLogUtil.obj
 0001:000207a0       ??C?$_com_ptr_t@V?$_com_IIID@UParameters@@$1?_GUID_0000150d_0000_0010_8000_00aa006d2ea4@@3U__s_GUID@@B@@@@QBEPAUParameters@@XZ 100217a0 f i Columns.obj
 0001:000207a0       ??C?$_com_ptr_t@V?$_com_IIID@UField@@$1?_GUID_00001569_0000_0010_8000_00aa006d2ea4@@3U__s_GUID@@B@@@@QBEPAUField@@XZ 100217a0 f i Columns.obj
 0001:000207c0       ??$_QueryInterface@V?$_com_ptr_t@V?$_com_IIID@UIDispatch@@$1?_GUID_00020400_0000_0000_c000_000000000046@@3U__s_GUID@@B@@@@@?$_com_ptr_t@V?$_com_IIID@UITSDatalink@@$1?_GUID_9d6338d0_57fb_11d4_8105_0090276f59e1@@3U__s_GUID@@B@@@@AAEJV?$_com_ptr_t@V?$_com_IIID@UIDispatch@@$1?_GUID_00020400_0000_0000_c000_000000000046@@3U__s_GUID@@B@@@@@Z 100217c0 f i TSDBLog.obj
 0001:000207c0       ??$_QueryInterface@V?$_com_ptr_t@V?$_com_IIID@UIUnknown@@$1?_GUID_00000000_0000_0000_c000_000000000046@@3U__s_GUID@@B@@@@@?$_com_ptr_t@V?$_com_IIID@UITSDatalink@@$1?_GUID_9d6338d0_57fb_11d4_8105_0090276f59e1@@3U__s_GUID@@B@@@@AAEJV?$_com_ptr_t@V?$_com_IIID@UIUnknown@@$1?_GUID_00000000_0000_0000_c000_000000000046@@3U__s_GUID@@B@@@@@Z 100217c0 f i TSDBLog.obj
 0001:00020880       ?CreateInstance@?$_com_ptr_t@V?$_com_IIID@UITSDatalink@@$1?_GUID_9d6338d0_57fb_11d4_8105_0090276f59e1@@3U__s_GUID@@B@@@@QAEJABU_GUID@@PAUIUnknown@@K@Z 10021880 f i TSDBLog.obj
 0001:00020920       ??$?4V?$_com_IIID@UIUnknown@@$1?_GUID_00000000_0000_0000_c000_000000000046@@3U__s_GUID@@B@@@?$_com_ptr_t@V?$_com_IIID@UITSDatalink@@$1?_GUID_9d6338d0_57fb_11d4_8105_0090276f59e1@@3U__s_GUID@@B@@@@QAEAAV0@ABV?$_com_ptr_t@V?$_com_IIID@UIUnknown@@$1?_GUID_00000000_0000_0000_c000_000000000046@@3U__s_GUID@@B@@@@@Z 10021920 f i TSDBLog.obj
 0001:00020990       ??$_QueryInterface@V?$_com_ptr_t@V?$_com_IIID@UITSDatalink@@$1?_GUID_9d6338d0_57fb_11d4_8105_0090276f59e1@@3U__s_GUID@@B@@@@@?$_com_ptr_t@V?$_com_IIID@UIDispatch@@$1?_GUID_00020400_0000_0000_c000_000000000046@@3U__s_GUID@@B@@@@AAEJV?$_com_ptr_t@V?$_com_IIID@UITSDatalink@@$1?_GUID_9d6338d0_57fb_11d4_8105_0090276f59e1@@3U__s_GUID@@B@@@@@Z 10021990 f i TSDBLog.obj
 0001:00020990       ??$_QueryInterface@V?$_com_ptr_t@V?$_com_IIID@UIInstrSession@SM@@$1?_GUID_8ab74eec_6c57_11d3_8de1_006097053485@@3U__s_GUID@@B@@@@@?$_com_ptr_t@V?$_com_IIID@UIDispatch@@$1?_GUID_00020400_0000_0000_c000_000000000046@@3U__s_GUID@@B@@@@AAEJV?$_com_ptr_t@V?$_com_IIID@UIInstrSession@SM@@$1?_GUID_8ab74eec_6c57_11d3_8de1_006097053485@@3U__s_GUID@@B@@@@@Z 10021990 f i TSDBLog.obj
 0001:00020a50       ??$?0V?$_com_IIID@UIInstrSession@SM@@$1?_GUID_8ab74eec_6c57_11d3_8de1_006097053485@@3U__s_GUID@@B@@@?$_com_ptr_t@V?$_com_IIID@UIDispatch@@$1?_GUID_00020400_0000_0000_c000_000000000046@@3U__s_GUID@@B@@@@QAE@ABV?$_com_ptr_t@V?$_com_IIID@UIInstrSession@SM@@$1?_GUID_8ab74eec_6c57_11d3_8de1_006097053485@@3U__s_GUID@@B@@@@@Z 10021a50 f i TSDBLog.obj
 0001:00020ad0       ??$?4V?$_com_IIID@UITSDatalink@@$1?_GUID_9d6338d0_57fb_11d4_8105_0090276f59e1@@3U__s_GUID@@B@@@?$_com_ptr_t@V?$_com_IIID@UIDispatch@@$1?_GUID_00020400_0000_0000_c000_000000000046@@3U__s_GUID@@B@@@@QAEAAV0@ABV?$_com_ptr_t@V?$_com_IIID@UITSDatalink@@$1?_GUID_9d6338d0_57fb_11d4_8105_0090276f59e1@@3U__s_GUID@@B@@@@@Z 10021ad0 f i TSDBLog.obj
 0001:00020b40       ?GetDatalink@CTSDBLog@@IAEJV?$_com_ptr_t@V?$_com_IIID@USequenceContext@TS@@$1?_GUID_6427d0e0_e410_11d0_93b4_0020af68e893@@3U__s_GUID@@B@@@@AAV?$_com_ptr_t@V?$_com_IIID@UPropertyObject@TS@@$1?_GUID_8d8769a0_09c0_11d1_93bd_0020af68e893@@3U__s_GUID@@B@@@@AAV_bstr_t@@@Z 10021b40 f   TSDBLog.obj
 0001:00021630       ?NewUUT@CTSDBLog@@UAGJPAUIDispatch@@00000@Z 10022630 f   TSDBLog.obj
 0001:00021980       ?LogUUTResult@CTSDBLog@@UAGJPAUIDispatch@@0@Z 10022980 f   TSDBLog.obj
 0001:00021bd0       ?LogOneResult@CTSDBLog@@UAGJPAUIDispatch@@0@Z 10022bd0 f   TSDBLog.obj
 0001:00021e20       ?LogResults@CTSDBLog@@UAGJPAUIDispatch@@00@Z 10022e20 f   TSDBLog.obj
 0001:0002228e       ??3@YAXPAX@Z               1002328e f   mfc100:mfc100.dll
 0001:00022294       ??2@YAPAXI@Z               10023294 f   mfc100:mfc100.dll
 0001:0002229a       ?AfxSafeArrayInit@@YGXPAVCOleSafeArray@@@Z 1002329a f   mfc100:mfc100.dll
 0001:000222a0       ??_V@YAXPAX@Z              100232a0 f   mfc100:mfc100.dll
 0001:000222a6       ?GetUBound@COleSafeArray@@QAEXKPAJ@Z 100232a6 f   mfc100:mfc100.dll
 0001:000222ac       ?GetLBound@COleSafeArray@@QAEXKPAJ@Z 100232ac f   mfc100:mfc100.dll
 0001:000222b2       ?GetOneDimSize@COleSafeArray@@QAEKXZ 100232b2 f   mfc100:mfc100.dll
 0001:000222b8       ??0COleSafeArray@@QAE@ABUtagVARIANT@@@Z 100232b8 f   mfc100:mfc100.dll
 0001:000222be       ?Detach@COleSafeArray@@QAE?AUtagVARIANT@@XZ 100232be f   mfc100:mfc100.dll
 0001:000222c4       ?UnaccessData@COleSafeArray@@QAEXXZ 100232c4 f   mfc100:mfc100.dll
 0001:000222ca       ?AccessData@COleSafeArray@@QAEXPAPAX@Z 100232ca f   mfc100:mfc100.dll
 0001:000222d0       ?Create@COleSafeArray@@QAEXGKPAK@Z 100232d0 f   mfc100:mfc100.dll
 0001:000222d6       ??1CByteArray@@UAE@XZ      100232d6 f   mfc100:mfc100.dll
 0001:000222dc       ?SetSize@CByteArray@@QAEXHH@Z 100232dc f   mfc100:mfc100.dll
 0001:000222e2       ??0CByteArray@@QAE@XZ      100232e2 f   mfc100:mfc100.dll
 0001:000222e8       ?AfxThrowInvalidArgException@@YGXXZ 100232e8 f   mfc100:mfc100.dll
 0001:000222ee       ?AfxThrowMemoryException@@YGXXZ 100232ee f   mfc100:mfc100.dll
 0001:000222f4       ?AfxThrowOleException@@YGXJ@Z 100232f4 f   mfc100:mfc100.dll
 0001:000222fa       ?GetThisMessageMap@CWinApp@@KGPBUAFX_MSGMAP@@XZ 100232fa f   mfc100:mfc100.dll
 0001:00022300       ??1CWinApp@@UAE@XZ         10023300 f   mfc100:mfc100.dll
 0001:00022306       ??0CWinApp@@QAE@PBD@Z      10023306 f   mfc100:mfc100.dll
 0001:0002230c       ?GetRuntimeClass@CWinApp@@UBEPAUCRuntimeClass@@XZ 1002330c f   mfc100:mfc100.dll
 0001:00022312       ?OnCmdMsg@CCmdTarget@@UAEHIHPAXPAUAFX_CMDHANDLERINFO@@@Z 10023312 f   mfc100:mfc100.dll
 0001:00022318       ?OnFinalRelease@CCmdTarget@@UAEXXZ 10023318 f   mfc100:mfc100.dll
 0001:0002231e       ?IsInvokeAllowed@CCmdTarget@@UAEHJ@Z 1002331e f   mfc100:mfc100.dll
 0001:00022324       ?GetDispatchIID@CCmdTarget@@UAEHPAU_GUID@@@Z 10023324 f   mfc100:mfc100.dll
 0001:0002232a       ?GetTypeInfoCount@CCmdTarget@@UAEIXZ 1002332a f   mfc100:mfc100.dll
 0001:00022330       ?GetTypeLibCache@CCmdTarget@@UAEPAVCTypeLibCache@@XZ 10023330 f   mfc100:mfc100.dll
 0001:00022336       ?GetTypeLib@CCmdTarget@@UAEJKPAPAUITypeLib@@@Z 10023336 f   mfc100:mfc100.dll
 0001:0002233c       ?GetCommandMap@CCmdTarget@@MBEPBUAFX_OLECMDMAP@@XZ 1002333c f   mfc100:mfc100.dll
 0001:00022342       ?GetDispatchMap@CCmdTarget@@MBEPBUAFX_DISPMAP@@XZ 10023342 f   mfc100:mfc100.dll
 0001:00022348       ?GetConnectionMap@CCmdTarget@@MBEPBUAFX_CONNECTIONMAP@@XZ 10023348 f   mfc100:mfc100.dll
 0001:0002234e       ?GetInterfaceMap@CCmdTarget@@MBEPBUAFX_INTERFACEMAP@@XZ 1002334e f   mfc100:mfc100.dll
 0001:00022354       ?GetEventSinkMap@CCmdTarget@@MBEPBUAFX_EVENTSINKMAP@@XZ 10023354 f   mfc100:mfc100.dll
 0001:0002235a       ?OnCreateAggregates@CCmdTarget@@UAEHXZ 1002335a f   mfc100:mfc100.dll
 0001:00022360       ?GetInterfaceHook@CCmdTarget@@UAEPAUIUnknown@@PBX@Z 10023360 f   mfc100:mfc100.dll
 0001:00022366       ?GetExtraConnectionPoints@CCmdTarget@@MAEHPAVCPtrArray@@@Z 10023366 f   mfc100:mfc100.dll
 0001:0002236c       ?GetConnectionHook@CCmdTarget@@MAEPAUIConnectionPoint@@ABU_GUID@@@Z 1002336c f   mfc100:mfc100.dll
 0001:00022372       ?Run@CWinApp@@UAEHXZ       10023372 f   mfc100:mfc100.dll
 0001:00022378       ?PreTranslateMessage@CWinThread@@UAEHPAUtagMSG@@@Z 10023378 f   mfc100:mfc100.dll
 0001:0002237e       ?PumpMessage@CWinThread@@UAEHXZ 1002337e f   mfc100:mfc100.dll
 0001:00022384       ?OnIdle@CWinApp@@UAEHJ@Z   10023384 f   mfc100:mfc100.dll
 0001:0002238a       ?IsIdleMessage@CWinThread@@UAEHPAUtagMSG@@@Z 1002338a f   mfc100:mfc100.dll
 0001:00022390       ?ProcessWndProcException@CWinApp@@UAEJPAVCException@@PBUtagMSG@@@Z 10023390 f   mfc100:mfc100.dll
 0001:00022396       ?ProcessMessageFilter@CWinThread@@UAEHHPAUtagMSG@@@Z 10023396 f   mfc100:mfc100.dll
 0001:0002239c       ?GetMainWnd@CWinThread@@UAEPAVCWnd@@XZ 1002339c f   mfc100:mfc100.dll
 0001:000223a2       ?Delete@CWinThread@@UAEXXZ 100233a2 f   mfc100:mfc100.dll
 0001:000223a8       ?GetProfileIntA@CWinApp@@UAEIPBD0H@Z 100233a8 f   mfc100:mfc100.dll
[...]
 0001:00026c73       __unwindfunclet$?GetDatalink@CTSDBLog@@IAEJV?$_com_ptr_t@V?$_com_IIID@USequenceContext@TS@@$1?_GUID_6427d0e0_e410_11d0_93b4_0020af68e893@@3U__s_GUID@@B@@@@AAV?$_com_ptr_t@V?$_com_IIID@UPropertyObject@TS@@$1?_GUID_8d8769a0_09c0_11d1_93bd_0020af68e893@@3U__s_GUID@@B@@@@AAV_bstr_t@@@Z$52 10027c73 f   TSDBLog.obj
 0001:00026c7e       __unwindfunclet$?GetDatalink@CTSDBLog@@IAEJV?$_com_ptr_t@V?$_com_IIID@USequenceContext@TS@@$1?_GUID_6427d0e0_e410_11d0_93b4_0020af68e893@@3U__s_GUID@@B@@@@AAV?$_com_ptr_t@V?$_com_IIID@UPropertyObject@TS@@$1?_GUID_8d8769a0_09c0_11d1_93bd_0020af68e893@@3U__s_GUID@@B@@@@AAV_bstr_t@@@Z$17 10027c7e f   TSDBLog.obj
 0001:00026c86       __unwindfunclet$?GetDatalink@CTSDBLog@@IAEJV?$_com_ptr_t@V?$_com_IIID@USequenceContext@TS@@$1?_GUID_6427d0e0_e410_11d0_93b4_0020af68e893@@3U__s_GUID@@B@@@@AAV?$_com_ptr_t@V?$_com_IIID@UPropertyObject@TS@@$1?_GUID_8d8769a0_09c0_11d1_93bd_0020af68e893@@3U__s_GUID@@B@@@@AAV_bstr_t@@@Z$53 10027c86 f   TSDBLog.obj
 0001:00026c91       __unwindfunclet$?GetDatalink@CTSDBLog@@IAEJV?$_com_ptr_t@V?$_com_IIID@USequenceContext@TS@@$1?_GUID_6427d0e0_e410_11d0_93b4_0020af68e893@@3U__s_GUID@@B@@@@AAV?$_com_ptr_t@V?$_com_IIID@UPropertyObject@TS@@$1?_GUID_8d8769a0_09c0_11d1_93bd_0020af68e893@@3U__s_GUID@@B@@@@AAV_bstr_t@@@Z$18 10027c91 f   TSDBLog.obj
 0001:00026c99       __unwindfunclet$?GetDatalink@CTSDBLog@@IAEJV?$_com_ptr_t@V?$_com_IIID@USequenceContext@TS@@$1?_GUID_6427d0e0_e410_11d0_93b4_0020af68e893@@3U__s_GUID@@B@@@@AAV?$_com_ptr_t@V?$_com_IIID@UPropertyObject@TS@@$1?_GUID_8d8769a0_09c0_11d1_93bd_0020af68e893@@3U__s_GUID@@B@@@@AAV_bstr_t@@@Z$19 10027c99 f   TSDBLog.obj
 0001:00026ca1       __unwindfunclet$?GetDatalink@CTSDBLog@@IAEJV?$_com_ptr_t@V?$_com_IIID@USequenceContext@TS@@$1?_GUID_6427d0e0_e410_11d0_93b4_0020af68e893@@3U__s_GUID@@B@@@@AAV?$_com_ptr_t@V?$_com_IIID@UPropertyObject@TS@@$1?_GUID_8d8769a0_09c0_11d1_93bd_0020af68e893@@3U__s_GUID@@B@@@@AAV_bstr_t@@@Z$20 10027ca1 f   TSDBLog.obj
 0001:00026ca9       __unwindfunclet$?GetDatalink@CTSDBLog@@IAEJV?$_com_ptr_t@V?$_com_IIID@USequenceContext@TS@@$1?_GUID_6427d0e0_e410_11d0_93b4_0020af68e893@@3U__s_GUID@@B@@@@AAV?$_com_ptr_t@V?$_com_IIID@UPropertyObject@TS@@$1?_GUID_8d8769a0_09c0_11d1_93bd_0020af68e893@@3U__s_GUID@@B@@@@AAV_bstr_t@@@Z$21 10027ca9 f   TSDBLog.obj
 0001:00026cb1       __unwindfunclet$?GetDatalink@CTSDBLog@@IAEJV?$_com_ptr_t@V?$_com_IIID@USequenceContext@TS@@$1?_GUID_6427d0e0_e410_11d0_93b4_0020af68e893@@3U__s_GUID@@B@@@@AAV?$_com_ptr_t@V?$_com_IIID@UPropertyObject@TS@@$1?_GUID_8d8769a0_09c0_11d1_93bd_0020af68e893@@3U__s_GUID@@B@@@@AAV_bstr_t@@@Z$22 10027cb1 f   TSDBLog.obj
 0001:00026cb9       __unwindfunclet$?GetDatalink@CTSDBLog@@IAEJV?$_com_ptr_t@V?$_com_IIID@USequenceContext@TS@@$1?_GUID_6427d0e0_e410_11d0_93b4_0020af68e893@@3U__s_GUID@@B@@@@AAV?$_com_ptr_t@V?$_com_IIID@UPropertyObject@TS@@$1?_GUID_8d8769a0_09c0_11d1_93bd_0020af68e893@@3U__s_GUID@@B@@@@AAV_bstr_t@@@Z$23 10027cb9 f   TSDBLog.obj
 0001:00026cc1       __unwindfunclet$?GetDatalink@CTSDBLog@@IAEJV?$_com_ptr_t@V?$_com_IIID@USequenceContext@TS@@$1?_GUID_6427d0e0_e410_11d0_93b4_0020af68e893@@3U__s_GUID@@B@@@@AAV?$_com_ptr_t@V?$_com_IIID@UPropertyObject@TS@@$1?_GUID_8d8769a0_09c0_11d1_93bd_0020af68e893@@3U__s_GUID@@B@@@@AAV_bstr_t@@@Z$24 10027cc1 f   TSDBLog.obj
 0001:00026cc9       __unwindfunclet$?GetDatalink@CTSDBLog@@IAEJV?$_com_ptr_t@V?$_com_IIID@USequenceContext@TS@@$1?_GUID_6427d0e0_e410_11d0_93b4_0020af68e893@@3U__s_GUID@@B@@@@AAV?$_com_ptr_t@V?$_com_IIID@UPropertyObject@TS@@$1?_GUID_8d8769a0_09c0_11d1_93bd_0020af68e893@@3U__s_GUID@@B@@@@AAV_bstr_t@@@Z$25 10027cc9 f   TSDBLog.obj
 0001:00026cd1       __unwindfunclet$?GetDatalink@CTSDBLog@@IAEJV?$_com_ptr_t@V?$_com_IIID@USequenceContext@TS@@$1?_GUID_6427d0e0_e410_11d0_93b4_0020af68e893@@3U__s_GUID@@B@@@@AAV?$_com_ptr_t@V?$_com_IIID@UPropertyObject@TS@@$1?_GUID_8d8769a0_09c0_11d1_93bd_0020af68e893@@3U__s_GUID@@B@@@@AAV_bstr_t@@@Z$26 10027cd1 f   TSDBLog.obj
 0001:00026cd9       __unwindfunclet$?GetDatalink@CTSDBLog@@IAEJV?$_com_ptr_t@V?$_com_IIID@USequenceContext@TS@@$1?_GUID_6427d0e0_e410_11d0_93b4_0020af68e893@@3U__s_GUID@@B@@@@AAV?$_com_ptr_t@V?$_com_IIID@UPropertyObject@TS@@$1?_GUID_8d8769a0_09c0_11d1_93bd_0020af68e893@@3U__s_GUID@@B@@@@AAV_bstr_t@@@Z$27 10027cd9 f   TSDBLog.obj
 0001:00026ce1       __unwindfunclet$?GetDatalink@CTSDBLog@@IAEJV?$_com_ptr_t@V?$_com_IIID@USequenceContext@TS@@$1?_GUID_6427d0e0_e410_11d0_93b4_0020af68e893@@3U__s_GUID@@B@@@@AAV?$_com_ptr_t@V?$_com_IIID@UPropertyObject@TS@@$1?_GUID_8d8769a0_09c0_11d1_93bd_0020af68e893@@3U__s_GUID@@B@@@@AAV_bstr_t@@@Z$28 10027ce1 f   TSDBLog.obj
 0001:00026ce9       __unwindfunclet$?GetDatalink@CTSDBLog@@IAEJV?$_com_ptr_t@V?$_com_IIID@USequenceContext@TS@@$1?_GUID_6427d0e0_e410_11d0_93b4_0020af68e893@@3U__s_GUID@@B@@@@AAV?$_com_ptr_t@V?$_com_IIID@UPropertyObject@TS@@$1?_GUID_8d8769a0_09c0_11d1_93bd_0020af68e893@@3U__s_GUID@@B@@@@AAV_bstr_t@@@Z$29 10027ce9 f   TSDBLog.obj
 0001:00026cf1       __unwindfunclet$?GetDatalink@CTSDBLog@@IAEJV?$_com_ptr_t@V?$_com_IIID@USequenceContext@TS@@$1?_GUID_6427d0e0_e410_11d0_93b4_0020af68e893@@3U__s_GUID@@B@@@@AAV?$_com_ptr_t@V?$_com_IIID@UPropertyObject@TS@@$1?_GUID_8d8769a0_09c0_11d1_93bd_0020af68e893@@3U__s_GUID@@B@@@@AAV_bstr_t@@@Z$30 10027cf1 f   TSDBLog.obj
 0001:00026cf9       __unwindfunclet$?GetDatalink@CTSDBLog@@IAEJV?$_com_ptr_t@V?$_com_IIID@USequenceContext@TS@@$1?_GUID_6427d0e0_e410_11d0_93b4_0020af68e893@@3U__s_GUID@@B@@@@AAV?$_com_ptr_t@V?$_com_IIID@UPropertyObject@TS@@$1?_GUID_8d8769a0_09c0_11d1_93bd_0020af68e893@@3U__s_GUID@@B@@@@AAV_bstr_t@@@Z$31 10027cf9 f   TSDBLog.obj
 0001:00026d01       __unwindfunclet$?GetDatalink@CTSDBLog@@IAEJV?$_com_ptr_t@V?$_com_IIID@USequenceContext@TS@@$1?_GUID_6427d0e0_e410_11d0_93b4_0020af68e893@@3U__s_GUID@@B@@@@AAV?$_com_ptr_t@V?$_com_IIID@UPropertyObject@TS@@$1?_GUID_8d8769a0_09c0_11d1_93bd_0020af68e893@@3U__s_GUID@@B@@@@AAV_bstr_t@@@Z$32 10027d01 f   TSDBLog.obj
 0001:00026d09       __unwindfunclet$?GetDatalink@CTSDBLog@@IAEJV?$_com_ptr_t@V?$_com_IIID@USequenceContext@TS@@$1?_GUID_6427d0e0_e410_11d0_93b4_0020af68e893@@3U__s_GUID@@B@@@@AAV?$_com_ptr_t@V?$_com_IIID@UPropertyObject@TS@@$1?_GUID_8d8769a0_09c0_11d1_93bd_0020af68e893@@3U__s_GUID@@B@@@@AAV_bstr_t@@@Z$54 10027d09 f   TSDBLog.obj
 0001:00026d14       __unwindfunclet$?GetDatalink@CTSDBLog@@IAEJV?$_com_ptr_t@V?$_com_IIID@USequenceContext@TS@@$1?_GUID_6427d0e0_e410_11d0_93b4_0020af68e893@@3U__s_GUID@@B@@@@AAV?$_com_ptr_t@V?$_com_IIID@UPropertyObject@TS@@$1?_GUID_8d8769a0_09c0_11d1_93bd_0020af68e893@@3U__s_GUID@@B@@@@AAV_bstr_t@@@Z$33 10027d14 f   TSDBLog.obj
 0001:00026d1c       __unwindfunclet$?GetDatalink@CTSDBLog@@IAEJV?$_com_ptr_t@V?$_com_IIID@USequenceContext@TS@@$1?_GUID_6427d0e0_e410_11d0_93b4_0020af68e893@@3U__s_GUID@@B@@@@AAV?$_com_ptr_t@V?$_com_IIID@UPropertyObject@TS@@$1?_GUID_8d8769a0_09c0_11d1_93bd_0020af68e893@@3U__s_GUID@@B@@@@AAV_bstr_t@@@Z$55 10027d1c f   TSDBLog.obj
 0001:00026d24       __unwindfunclet$?GetDatalink@CTSDBLog@@IAEJV?$_com_ptr_t@V?$_com_IIID@USequenceContext@TS@@$1?_GUID_6427d0e0_e410_11d0_93b4_0020af68e893@@3U__s_GUID@@B@@@@AAV?$_com_ptr_t@V?$_com_IIID@UPropertyObject@TS@@$1?_GUID_8d8769a0_09c0_11d1_93bd_0020af68e893@@3U__s_GUID@@B@@@@AAV_bstr_t@@@Z$34 10027d24 f   TSDBLog.obj
 0001:00026d2c       __unwindfunclet$?GetDatalink@CTSDBLog@@IAEJV?$_com_ptr_t@V?$_com_IIID@USequenceContext@TS@@$1?_GUID_6427d0e0_e410_11d0_93b4_0020af68e893@@3U__s_GUID@@B@@@@AAV?$_com_ptr_t@V?$_com_IIID@UPropertyObject@TS@@$1?_GUID_8d8769a0_09c0_11d1_93bd_0020af68e893@@3U__s_GUID@@B@@@@AAV_bstr_t@@@Z$35 10027d2c f   TSDBLog.obj
 0001:00026d34       __unwindfunclet$?GetDatalink@CTSDBLog@@IAEJV?$_com_ptr_t@V?$_com_IIID@USequenceContext@TS@@$1?_GUID_6427d0e0_e410_11d0_93b4_0020af68e893@@3U__s_GUID@@B@@@@AAV?$_com_ptr_t@V?$_com_IIID@UPropertyObject@TS@@$1?_GUID_8d8769a0_09c0_11d1_93bd_0020af68e893@@3U__s_GUID@@B@@@@AAV_bstr_t@@@Z$36 10027d34 f   TSDBLog.obj
 0001:00026d3c       __unwindfunclet$?GetDatalink@CTSDBLog@@IAEJV?$_com_ptr_t@V?$_com_IIID@USequenceContext@TS@@$1?_GUID_6427d0e0_e410_11d0_93b4_0020af68e893@@3U__s_GUID@@B@@@@AAV?$_com_ptr_t@V?$_com_IIID@UPropertyObject@TS@@$1?_GUID_8d8769a0_09c0_11d1_93bd_0020af68e893@@3U__s_GUID@@B@@@@AAV_bstr_t@@@Z$37 10027d3c f   TSDBLog.obj
 0001:00026d44       __unwindfunclet$?GetDatalink@CTSDBLog@@IAEJV?$_com_ptr_t@V?$_com_IIID@USequenceContext@TS@@$1?_GUID_6427d0e0_e410_11d0_93b4_0020af68e893@@3U__s_GUID@@B@@@@AAV?$_com_ptr_t@V?$_com_IIID@UPropertyObject@TS@@$1?_GUID_8d8769a0_09c0_11d1_93bd_0020af68e893@@3U__s_GUID@@B@@@@AAV_bstr_t@@@Z$38 10027d44 f   TSDBLog.obj
 0001:00026d4c       __unwindfunclet$?GetDatalink@CTSDBLog@@IAEJV?$_com_ptr_t@V?$_com_IIID@USequenceContext@TS@@$1?_GUID_6427d0e0_e410_11d0_93b4_0020af68e893@@3U__s_GUID@@B@@@@AAV?$_com_ptr_t@V?$_com_IIID@UPropertyObject@TS@@$1?_GUID_8d8769a0_09c0_11d1_93bd_0020af68e893@@3U__s_GUID@@B@@@@AAV_bstr_t@@@Z$39 10027d4c f   TSDBLog.obj
 0001:00026d54       __unwindfunclet$?GetDatalink@CTSDBLog@@IAEJV?$_com_ptr_t@V?$_com_IIID@USequenceContext@TS@@$1?_GUID_6427d0e0_e410_11d0_93b4_0020af68e893@@3U__s_GUID@@B@@@@AAV?$_com_ptr_t@V?$_com_IIID@UPropertyObject@TS@@$1?_GUID_8d8769a0_09c0_11d1_93bd_0020af68e893@@3U__s_GUID@@B@@@@AAV_bstr_t@@@Z$40 10027d54 f   TSDBLog.obj
 0001:00026d5c       __unwindfunclet$?GetDatalink@CTSDBLog@@IAEJV?$_com_ptr_t@V?$_com_IIID@USequenceContext@TS@@$1?_GUID_6427d0e0_e410_11d0_93b4_0020af68e893@@3U__s_GUID@@B@@@@AAV?$_com_ptr_t@V?$_com_IIID@UPropertyObject@TS@@$1?_GUID_8d8769a0_09c0_11d1_93bd_0020af68e893@@3U__s_GUID@@B@@@@AAV_bstr_t@@@Z$41 10027d5c f   TSDBLog.obj
 0001:00026d64       __unwindfunclet$?GetDatalink@CTSDBLog@@IAEJV?$_com_ptr_t@V?$_com_IIID@USequenceContext@TS@@$1?_GUID_6427d0e0_e410_11d0_93b4_0020af68e893@@3U__s_GUID@@B@@@@AAV?$_com_ptr_t@V?$_com_IIID@UPropertyObject@TS@@$1?_GUID_8d8769a0_09c0_11d1_93bd_0020af68e893@@3U__s_GUID@@B@@@@AAV_bstr_t@@@Z$42 10027d64 f   TSDBLog.obj
 0001:00026d6c       __unwindfunclet$?GetDatalink@CTSDBLog@@IAEJV?$_com_ptr_t@V?$_com_IIID@USequenceContext@TS@@$1?_GUID_6427d0e0_e410_11d0_93b4_0020af68e893@@3U__s_GUID@@B@@@@AAV?$_com_ptr_t@V?$_com_IIID@UPropertyObject@TS@@$1?_GUID_8d8769a0_09c0_11d1_93bd_0020af68e893@@3U__s_GUID@@B@@@@AAV_bstr_t@@@Z$43 10027d6c f   TSDBLog.obj
 0001:00026d74       __unwindfunclet$?GetDatalink@CTSDBLog@@IAEJV?$_com_ptr_t@V?$_com_IIID@USequenceContext@TS@@$1?_GUID_6427d0e0_e410_11d0_93b4_0020af68e893@@3U__s_GUID@@B@@@@AAV?$_com_ptr_t@V?$_com_IIID@UPropertyObject@TS@@$1?_GUID_8d8769a0_09c0_11d1_93bd_0020af68e893@@3U__s_GUID@@B@@@@AAV_bstr_t@@@Z$44 10027d74 f   TSDBLog.obj
 0001:00026d7c       __unwindfunclet$?GetDatalink@CTSDBLog@@IAEJV?$_com_ptr_t@V?$_com_IIID@USequenceContext@TS@@$1?_GUID_6427d0e0_e410_11d0_93b4_0020af68e893@@3U__s_GUID@@B@@@@AAV?$_com_ptr_t@V?$_com_IIID@UPropertyObject@TS@@$1?_GUID_8d8769a0_09c0_11d1_93bd_0020af68e893@@3U__s_GUID@@B@@@@AAV_bstr_t@@@Z$45 10027d7c f   TSDBLog.obj
 0001:00026d84       __unwindfunclet$?GetDatalink@CTSDBLog@@IAEJV?$_com_ptr_t@V?$_com_IIID@USequenceContext@TS@@$1?_GUID_6427d0e0_e410_11d0_93b4_0020af68e893@@3U__s_GUID@@B@@@@AAV?$_com_ptr_t@V?$_com_IIID@UPropertyObject@TS@@$1?_GUID_8d8769a0_09c0_11d1_93bd_0020af68e893@@3U__s_GUID@@B@@@@AAV_bstr_t@@@Z$46 10027d84 f   TSDBLog.obj
 0001:00026d8c       __unwindfunclet$?GetDatalink@CTSDBLog@@IAEJV?$_com_ptr_t@V?$_com_IIID@USequenceContext@TS@@$1?_GUID_6427d0e0_e410_11d0_93b4_0020af68e893@@3U__s_GUID@@B@@@@AAV?$_com_ptr_t@V?$_com_IIID@UPropertyObject@TS@@$1?_GUID_8d8769a0_09c0_11d1_93bd_0020af68e893@@3U__s_GUID@@B@@@@AAV_bstr_t@@@Z$47 10027d8c f   TSDBLog.obj
 0001:00026d94       __unwindfunclet$?GetDatalink@CTSDBLog@@IAEJV?$_com_ptr_t@V?$_com_IIID@USequenceContext@TS@@$1?_GUID_6427d0e0_e410_11d0_93b4_0020af68e893@@3U__s_GUID@@B@@@@AAV?$_com_ptr_t@V?$_com_IIID@UPropertyObject@TS@@$1?_GUID_8d8769a0_09c0_11d1_93bd_0020af68e893@@3U__s_GUID@@B@@@@AAV_bstr_t@@@Z$48 10027d94 f   TSDBLog.obj
 0001:00026d9c       __unwindfunclet$?GetDatalink@CTSDBLog@@IAEJV?$_com_ptr_t@V?$_com_IIID@USequenceContext@TS@@$1?_GUID_6427d0e0_e410_11d0_93b4_0020af68e893@@3U__s_GUID@@B@@@@AAV?$_com_ptr_t@V?$_com_IIID@UPropertyObject@TS@@$1?_GUID_8d8769a0_09c0_11d1_93bd_0020af68e893@@3U__s_GUID@@B@@@@AAV_bstr_t@@@Z$49 10027d9c f   TSDBLog.obj
 0001:00026da4       __unwindfunclet$?GetDatalink@CTSDBLog@@IAEJV?$_com_ptr_t@V?$_com_IIID@USequenceContext@TS@@$1?_GUID_6427d0e0_e410_11d0_93b4_0020af68e893@@3U__s_GUID@@B@@@@AAV?$_com_ptr_t@V?$_com_IIID@UPropertyObject@TS@@$1?_GUID_8d8769a0_09c0_11d1_93bd_0020af68e893@@3U__s_GUID@@B@@@@AAV_bstr_t@@@Z$50 10027da4 f   TSDBLog.obj
 0001:00026dac       __unwindfunclet$?GetDatalink@CTSDBLog@@IAEJV?$_com_ptr_t@V?$_com_IIID@USequenceContext@TS@@$1?_GUID_6427d0e0_e410_11d0_93b4_0020af68e893@@3U__s_GUID@@B@@@@AAV?$_com_ptr_t@V?$_com_IIID@UPropertyObject@TS@@$1?_GUID_8d8769a0_09c0_11d1_93bd_0020af68e893@@3U__s_GUID@@B@@@@AAV_bstr_t@@@Z$56 10027dac f   TSDBLog.obj
 0001:00026db4       __ehhandler$?GetDatalink@CTSDBLog@@IAEJV?$_com_ptr_t@V?$_com_IIID@USequenceContext@TS@@$1?_GUID_6427d0e0_e410_11d0_93b4_0020af68e893@@3U__s_GUID@@B@@@@AAV?$_com_ptr_t@V?$_com_IIID@UPropertyObject@TS@@$1?_GUID_8d8769a0_09c0_11d1_93bd_0020af68e893@@3U__s_GUID@@B@@@@AAV_bstr_t@@@Z 10027db4 f   TSDBLog.obj
 0001:00026dc0       __unwindfunclet$?NewUUT@CTSDBLog@@UAGJPAUIDispatch@@00000@Z$6 10027dc0 f   TSDBLog.obj
 0001:00026dc8       __unwindfunclet$?NewUUT@CTSDBLog@@UAGJPAUIDispatch@@00000@Z$7 10027dc8 f   TSDBLog.obj
 0001:00026dd0       __unwindfunclet$?NewUUT@CTSDBLog@@UAGJPAUIDispatch@@00000@Z$8 10027dd0 f   TSDBLog.obj
 0001:00026dd8       __unwindfunclet$?NewUUT@CTSDBLog@@UAGJPAUIDispatch@@00000@Z$9 10027dd8 f   TSDBLog.obj
 0001:00026de0       __unwindfunclet$?NewUUT@CTSDBLog@@UAGJPAUIDispatch@@00000@Z$10 10027de0 f   TSDBLog.obj
 0001:00026de8       __unwindfunclet$?NewUUT@CTSDBLog@@UAGJPAUIDispatch@@00000@Z$11 10027de8 f   TSDBLog.obj
 0001:00026df0       __unwindfunclet$?NewUUT@CTSDBLog@@UAGJPAUIDispatch@@00000@Z$12 10027df0 f   TSDBLog.obj
 0001:00026df8       __unwindfunclet$?NewUUT@CTSDBLog@@UAGJPAUIDispatch@@00000@Z$13 10027df8 f   TSDBLog.obj
 0001:00026e00       __unwindfunclet$?NewUUT@CTSDBLog@@UAGJPAUIDispatch@@00000@Z$14 10027e00 f   TSDBLog.obj
 0001:00026e08       __unwindfunclet$?NewUUT@CTSDBLog@@UAGJPAUIDispatch@@00000@Z$15 10027e08 f   TSDBLog.obj
 0001:00026e10       __unwindfunclet$?NewUUT@CTSDBLog@@UAGJPAUIDispatch@@00000@Z$16 10027e10 f   TSDBLog.obj
 0001:00026e18       __ehhandler$?NewUUT@CTSDBLog@@UAGJPAUIDispatch@@00000@Z 10027e18 f   TSDBLog.obj
 0001:00026e30       __unwindfunclet$?LogUUTResult@CTSDBLog@@UAGJPAUIDispatch@@0@Z$6 10027e30 f   TSDBLog.obj
 0001:00026e38       __unwindfunclet$?LogUUTResult@CTSDBLog@@UAGJPAUIDispatch@@0@Z$7 10027e38 f   TSDBLog.obj
 0001:00026e40       __unwindfunclet$?LogUUTResult@CTSDBLog@@UAGJPAUIDispatch@@0@Z$8 10027e40 f   TSDBLog.obj
 0001:00026e48       __unwindfunclet$?LogUUTResult@CTSDBLog@@UAGJPAUIDispatch@@0@Z$9 10027e48 f   TSDBLog.obj
 0001:00026e50       __unwindfunclet$?LogUUTResult@CTSDBLog@@UAGJPAUIDispatch@@0@Z$10 10027e50 f   TSDBLog.obj
 0001:00026e58       __unwindfunclet$?LogUUTResult@CTSDBLog@@UAGJPAUIDispatch@@0@Z$11 10027e58 f   TSDBLog.obj
 0001:00026e60       __ehhandler$?LogUUTResult@CTSDBLog@@UAGJPAUIDispatch@@0@Z 10027e60 f   TSDBLog.obj
 0001:00026e70       __unwindfunclet$?LogOneResult@CTSDBLog@@UAGJPAUIDispatch@@0@Z$6 10027e70 f   TSDBLog.obj
 0001:00026e78       __unwindfunclet$?LogOneResult@CTSDBLog@@UAGJPAUIDispatch@@0@Z$7 10027e78 f   TSDBLog.obj
 0001:00026e80       __unwindfunclet$?LogOneResult@CTSDBLog@@UAGJPAUIDispatch@@0@Z$8 10027e80 f   TSDBLog.obj
 0001:00026e88       __unwindfunclet$?LogOneResult@CTSDBLog@@UAGJPAUIDispatch@@0@Z$9 10027e88 f   TSDBLog.obj
 0001:00026e90       __unwindfunclet$?LogOneResult@CTSDBLog@@UAGJPAUIDispatch@@0@Z$10 10027e90 f   TSDBLog.obj
 0001:00026e98       __unwindfunclet$?LogOneResult@CTSDBLog@@UAGJPAUIDispatch@@0@Z$11 10027e98 f   TSDBLog.obj
 0001:00026ea0       __ehhandler$?LogOneResult@CTSDBLog@@UAGJPAUIDispatch@@0@Z 10027ea0 f   TSDBLog.obj
 0001:00026eb0       __unwindfunclet$?LogResults@CTSDBLog@@UAGJPAUIDispatch@@00@Z$10 10027eb0 f   TSDBLog.obj
 0001:00026eb8       __unwindfunclet$?LogResults@CTSDBLog@@UAGJPAUIDispatch@@00@Z$11 10027eb8 f   TSDBLog.obj
 0001:00026ec0       __unwindfunclet$?LogResults@CTSDBLog@@UAGJPAUIDispatch@@00@Z$12 10027ec0 f   TSDBLog.obj
 0001:00026ec8       __unwindfunclet$?LogResults@CTSDBLog@@UAGJPAUIDispatch@@00@Z$13 10027ec8 f   TSDBLog.obj
 0001:00026ed0       __unwindfunclet$?LogResults@CTSDBLog@@UAGJPAUIDispatch@@00@Z$14 10027ed0 f   TSDBLog.obj
 0001:00026ed8       __unwindfunclet$?LogResults@CTSDBLog@@UAGJPAUIDispatch@@00@Z$15 10027ed8 f   TSDBLog.obj
 0001:00026ee0       __unwindfunclet$?LogResults@CTSDBLog@@UAGJPAUIDispatch@@00@Z$16 10027ee0 f   TSDBLog.obj
 0001:00026ee8       __unwindfunclet$?LogResults@CTSDBLog@@UAGJPAUIDispatch@@00@Z$17 10027ee8 f   TSDBLog.obj
 0001:00026ef0       __unwindfunclet$?LogResults@CTSDBLog@@UAGJPAUIDispatch@@00@Z$18 10027ef0 f   TSDBLog.obj
 0001:00026ef8       __unwindfunclet$?LogResults@CTSDBLog@@UAGJPAUIDispatch@@00@Z$19 10027ef8 f   TSDBLog.obj
 0001:00026f00       __unwindfunclet$?LogResults@CTSDBLog@@UAGJPAUIDispatch@@00@Z$20 10027f00 f   TSDBLog.obj
 0001:00026f08       __unwindfunclet$?LogResults@CTSDBLog@@UAGJPAUIDispatch@@00@Z$21 10027f08 f   TSDBLog.obj
 0001:00026f10       __unwindfunclet$?LogResults@CTSDBLog@@UAGJPAUIDispatch@@00@Z$22 10027f10 f   TSDBLog.obj
 0001:00026f18       __unwindfunclet$?LogResults@CTSDBLog@@UAGJPAUIDispatch@@00@Z$23 10027f18 f   TSDBLog.obj
 0001:00026f20       __unwindfunclet$?LogResults@CTSDBLog@@UAGJPAUIDispatch@@00@Z$24 10027f20 f   TSDBLog.obj
 0001:00026f28       __unwindfunclet$?LogResults@CTSDBLog@@UAGJPAUIDispatch@@00@Z$25 10027f28 f   TSDBLog.obj
 0001:00026f30       __unwindfunclet$?LogResults@CTSDBLog@@UAGJPAUIDispatch@@00@Z$26 10027f30 f   TSDBLog.obj
 0001:00026f38       __ehhandler$?LogResults@CTSDBLog@@UAGJPAUIDispatch@@00@Z 10027f38 f   TSDBLog.obj
 0001:00026f42       __unwindfunclet$?AfxWndProcDllStatic@@YGJPAUHWND__@@IIJ@Z$0 10027f42 f   mfcs100:dllmodul.obj
 0001:00026f4a       __ehhandler$?AfxWndProcDllStatic@@YGJPAUHWND__@@IIJ@Z 10027f4a f   mfcs100:dllmodul.obj
 0001:00026f65       __unwindfunclet$_InternalDllMain@12$5 10027f65 f   mfcs100:dllmodul.obj
 0001:00026f6e       __unwindfunclet$_InternalDllMain@12$6 10027f6e f   mfcs100:dllmodul.obj
 0001:00026f76       __ehhandler$_InternalDllMain@12 10027f76 f   mfcs100:dllmodul.obj
 0001:00026fa0       __ehhandler$?ConvertBSTRToString@_com_util@@YGPADPA_W@Z 10027fa0 f   comsuppw:comutil.obj
 0001:00026fc0       ??__E_Module@@YAXXZ        10027fc0 f   DBLog.obj
 0001:00027020       ??__EtheApp@@YAXXZ         10028020 f   DBLog.obj
 0001:00027074       ??__EafxModuleState@@YAXXZ 10028074 f   mfcs100:dllmodul.obj
 0001:000270a2       ??__E_AtlComModule@ATL@@YAXXZ 100280a2 f   atls:atlcommodule.obj
 0001:000270b8       ??__E_AtlBaseModule@ATL@@YAXXZ 100280b8 f   atls:atlbase.obj
 0001:000270d0       ??__EvtMissing@@YAXXZ      100280d0 f   comsuppw:comutil.obj
 0001:000270e0       ??__FtheApp@@YAXXZ         100280e0 f   DBLog.obj
 0001:00027120       ??__F_Module@@YAXXZ        10028120 f   DBLog.obj
 0001:000271a2       ??__FafxModuleState@@YAXXZ 100281a2 f   mfcs100:dllmodul.obj
 0001:000271ac       ??__F_AtlComModule@ATL@@YAXXZ 100281ac f   atls:atlcommodule.obj
 0001:000271b6       ??__F_AtlBaseModule@ATL@@YAXXZ 100281b6 f   atls:atlbase.obj
 0001:000271c0       ??__FvtMissing@@YAXXZ      100281c0 f   comsuppw:comutil.obj

 Exports

  ordinal    name

        1    _DllCanUnloadNow@0
               exported name: DllCanUnloadNow
        2    _DllGetClassObject@12
               exported name: DllGetClassObject
        3    _DllRegisterServer@0
               exported name: DllRegisterServer
        4    _DllUnregisterServer@0
               exported name: DllUnregisterServer
